Component: ARM Compiler 5.06 update 6 (build 750) Tool: armlink [4d35ed]

==============================================================================

Section Cross References

    startup_stm32f407xx.o(STACK) refers (Special) to heapauxi.o(.text) for __use_two_region_memory
    startup_stm32f407xx.o(HEAP) refers (Special) to heapauxi.o(.text) for __use_two_region_memory
    startup_stm32f407xx.o(RESET) refers (Special) to heapauxi.o(.text) for __use_two_region_memory
    startup_stm32f407xx.o(RESET) refers to startup_stm32f407xx.o(STACK) for __initial_sp
    startup_stm32f407xx.o(RESET) refers to startup_stm32f407xx.o(.text) for Reset_Handler
    startup_stm32f407xx.o(RESET) refers to stm32f4xx_it.o(i.NMI_Handler) for NMI_Handler
    startup_stm32f407xx.o(RESET) refers to stm32f4xx_it.o(i.HardFault_Handler) for HardFault_Handler
    startup_stm32f407xx.o(RESET) refers to stm32f4xx_it.o(i.MemManage_Handler) for MemManage_Handler
    startup_stm32f407xx.o(RESET) refers to stm32f4xx_it.o(i.BusFault_Handler) for BusFault_Handler
    startup_stm32f407xx.o(RESET) refers to stm32f4xx_it.o(i.UsageFault_Handler) for UsageFault_Handler
    startup_stm32f407xx.o(RESET) refers to port.o(.emb_text) for SVC_Handler
    startup_stm32f407xx.o(RESET) refers to stm32f4xx_it.o(i.DebugMon_Handler) for DebugMon_Handler
    startup_stm32f407xx.o(RESET) refers to stm32f4xx_it.o(i.SysTick_Handler) for SysTick_Handler
    startup_stm32f407xx.o(RESET) refers to stm32f4xx_it.o(i.DMA1_Stream1_IRQHandler) for DMA1_Stream1_IRQHandler
    startup_stm32f407xx.o(RESET) refers to stm32f4xx_it.o(i.CAN1_TX_IRQHandler) for CAN1_TX_IRQHandler
    startup_stm32f407xx.o(RESET) refers to stm32f4xx_it.o(i.CAN1_RX0_IRQHandler) for CAN1_RX0_IRQHandler
    startup_stm32f407xx.o(RESET) refers to stm32f4xx_it.o(i.CAN1_RX1_IRQHandler) for CAN1_RX1_IRQHandler
    startup_stm32f407xx.o(RESET) refers to stm32f4xx_it.o(i.TIM2_IRQHandler) for TIM2_IRQHandler
    startup_stm32f407xx.o(RESET) refers to remote_control.o(i.USART3_IRQHandler) for USART3_IRQHandler
    startup_stm32f407xx.o(RESET) refers to stm32f4xx_it.o(i.DMA2_Stream6_IRQHandler) for DMA2_Stream6_IRQHandler
    startup_stm32f407xx.o(RESET) refers to stm32f4xx_it.o(i.USART6_IRQHandler) for USART6_IRQHandler
    startup_stm32f407xx.o(.text) refers (Special) to heapauxi.o(.text) for __use_two_region_memory
    startup_stm32f407xx.o(.text) refers to system_stm32f4xx.o(i.SystemInit) for SystemInit
    startup_stm32f407xx.o(.text) refers to __main.o(!!!main) for __main
    startup_stm32f407xx.o(.text) refers to startup_stm32f407xx.o(HEAP) for Heap_Mem
    startup_stm32f407xx.o(.text) refers to startup_stm32f407xx.o(STACK) for Stack_Mem
    main.o(i.HAL_TIM_PeriodElapsedCallback) refers to imu.o(i.IMU_getEuleranAngles) for IMU_getEuleranAngles
    main.o(i.HAL_TIM_PeriodElapsedCallback) refers to tim.o(.bss) for htim2
    main.o(i.SystemClock_Config) refers to rt_memclr_w.o(.text) for __aeabi_memclr4
    main.o(i.SystemClock_Config) refers to stm32f4xx_hal_rcc.o(i.HAL_RCC_OscConfig) for HAL_RCC_OscConfig
    main.o(i.SystemClock_Config) refers to main.o(i.Error_Handler) for Error_Handler
    main.o(i.SystemClock_Config) refers to stm32f4xx_hal_rcc.o(i.HAL_RCC_ClockConfig) for HAL_RCC_ClockConfig
    main.o(i.main) refers to stm32f4xx_hal.o(i.HAL_Init) for HAL_Init
    main.o(i.main) refers to main.o(i.SystemClock_Config) for SystemClock_Config
    main.o(i.main) refers to gpio.o(i.MX_GPIO_Init) for MX_GPIO_Init
    main.o(i.main) refers to dma.o(i.MX_DMA_Init) for MX_DMA_Init
    main.o(i.main) refers to spi.o(i.MX_SPI1_Init) for MX_SPI1_Init
    main.o(i.main) refers to tim.o(i.MX_TIM2_Init) for MX_TIM2_Init
    main.o(i.main) refers to tim.o(i.MX_TIM10_Init) for MX_TIM10_Init
    main.o(i.main) refers to usart.o(i.MX_USART6_UART_Init) for MX_USART6_UART_Init
    main.o(i.main) refers to can.o(i.MX_CAN1_Init) for MX_CAN1_Init
    main.o(i.main) refers to usart.o(i.MX_USART3_UART_Init) for MX_USART3_UART_Init
    main.o(i.main) refers to bmi088driver.o(i.BMI088_init) for BMI088_init
    main.o(i.main) refers to remote_control.o(i.remote_control_init) for remote_control_init
    main.o(i.main) refers to pid.o(i.gimbal_PID_init) for gimbal_PID_init
    main.o(i.main) refers to bsp_can.o(i.can_filter_init) for can_filter_init
    main.o(i.main) refers to stm32f4xx_hal_tim.o(i.HAL_TIM_Base_Start_IT) for HAL_TIM_Base_Start_IT
    main.o(i.main) refers to remote_control.o(i.get_remote_control_point) for get_remote_control_point
    main.o(i.main) refers to freertos.o(i.MX_FREERTOS_Init) for MX_FREERTOS_Init
    main.o(i.main) refers to cmsis_os.o(i.osKernelStart) for osKernelStart
    main.o(i.main) refers to vofa.o(i.vofa_demo2) for vofa_demo2
    main.o(i.main) refers to tim.o(.bss) for htim2
    main.o(i.main) refers to remote_control.o(.data) for local_rc_ctrl
    main.o(i.main) refers to imu.o(.bss) for imu_Angle
    main.o(i.main) refers to usart.o(.bss) for huart6
[...]
    .bss                                     0x20000a40   Section    15360  heap_4.o(.bss)
    ucHeap                                   0x20000a40   Data       15360  heap_4.o(.bss)
    .bss                                     0x20004640   Section       96  libspace.o(.bss)
    HEAP                                     0x200046a0   Section      512  startup_stm32f407xx.o(HEAP)
    Heap_Mem                                 0x200046a0   Data         512  startup_stm32f407xx.o(HEAP)
    STACK                                    0x200048a0   Section     1024  startup_stm32f407xx.o(STACK)
    Stack_Mem                                0x200048a0   Data        1024  startup_stm32f407xx.o(STACK)
    __initial_sp                             0x20004ca0   Data           0  startup_stm32f407xx.o(STACK)

    Global Symbols

    Symbol Name                              Value     Ov Type        Size  Object(Section)

    BuildAttributes$$THM_ISAv4$E$P$D$K$B$S$7EM$VFPi3$EXTD16$VFPS$VFMA$PE$A:L22UL41UL21$X:L11$S22US41US21$IEEE1$IW$USESV6$~STKCKD$USESV7$~SHL$OTIME$ROPI$IEEEX$EBA8$UX$STANDARDLIB$REQ8$PRES8$EABIv2 0x00000000   Number         0  anon$$obj.o ABSOLUTE
    __ARM_use_no_argv                        0x00000000   Number         0  main.o ABSOLUTE
    __ARM_exceptions_init                     - Undefined Weak Reference
    __alloca_initialize                       - Undefined Weak Reference
    __arm_preinit_                            - Undefined Weak Reference
    __cpp_initialize__aeabi_                  - Undefined Weak Reference
    __cxa_finalize                            - Undefined Weak Reference
    __rt_locale                               - Undefined Weak Reference
    __sigvec_lookup                           - Undefined Weak Reference
    _atexit_init                              - Undefined Weak Reference
    _call_atexit_fns                          - Undefined Weak Reference
    _clock_init                               - Undefined Weak Reference
    _fp_trap_init                             - Undefined Weak Reference
    _fp_trap_shutdown                         - Undefined Weak Reference
    _get_lc_collate                           - Undefined Weak Reference
    _get_lc_ctype                             - Undefined Weak Reference
    _get_lc_monetary                          - Undefined Weak Reference
    _get_lc_numeric                           - Undefined Weak Reference
    _get_lc_time                              - Undefined Weak Reference
    _getenv_init                              - Undefined Weak Reference
    _handle_redirection                       - Undefined Weak Reference
    _init_alloc                               - Undefined Weak Reference
    _init_user_alloc                          - Undefined Weak Reference
    _initio                                   - Undefined Weak Reference
    _rand_init                                - Undefined Weak Reference
    _signal_finish                            - Undefined Weak Reference
    _signal_init                              - Undefined Weak Reference
    _terminate_alloc                          - Undefined Weak Reference
    _terminate_user_alloc                     - Undefined Weak Reference
    _terminateio                              - Undefined Weak Reference
    __Vectors_Size                           0x00000188   Number         0  startup_stm32f407xx.o ABSOLUTE
    __Vectors                                0x08000000   Data           4  startup_stm32f407xx.o(RESET)
    __Vectors_End                            0x08000188   Data           0  startup_stm32f407xx.o(RESET)
    __main                                   0x08000189   Thumb Code     8  __main.o(!!!main)
    __scatterload                            0x08000191   Thumb Code     0  __scatter.o(!!!scatter)
    __scatterload_rt2                        0x08000191   Thumb Code    44  __scatter.o(!!!scatter)
    __scatterload_rt2_thumb_only             0x08000191   Thumb Code     0  __scatter.o(!!!scatter)
    __scatterload_null                       0x0800019f   Thumb Code     0  __scatter.o(!!!scatter)
    __scatterload_copy                       0x080001c5   Thumb Code    26  __scatter_copy.o(!!handler_copy)
    __scatterload_zeroinit                   0x080001e1   Thumb Code    28  __scatter_zi.o(!!handler_zi)
    __rt_lib_init                            0x080001fd   Thumb Code     0  libinit.o(.ARM.Collect$$libinit$$00000000)
    __rt_lib_init_fp_1                       0x080001ff   Thumb Code     0  libinit2.o(.ARM.Collect$$libinit$$00000001)
    __rt_lib_init_alloca_1                   0x08000203   Thumb Code     0  libinit2.o(.ARM.Collect$$libinit$$0000002E)
    __rt_lib_init_argv_1                     0x08000203   Thumb Code     0  libinit2.o(.ARM.Collect$$libinit$$0000002C)
    __rt_lib_init_atexit_1                   0x08000203   Thumb Code     0  libinit2.o(.ARM.Collect$$libinit$$0000001B)
    __rt_lib_init_clock_1                    0x08000203   Thumb Code     0  libinit2.o(.ARM.Collect$$libinit$$00000021)
    __rt_lib_init_cpp_1                      0x08000203   Thumb Code     0  libinit2.o(.ARM.Collect$$libinit$$00000032)
    __rt_lib_init_exceptions_1               0x08000203   Thumb Code     0  libinit2.o(.ARM.Collect$$libinit$$00000030)
    __rt_lib_init_fp_trap_1                  0x08000203   Thumb Code     0  libinit2.o(.ARM.Collect$$libinit$$0000001F)
    __rt_lib_init_getenv_1                   0x08000203   Thumb Code     0  libinit2.o(.ARM.Collect$$libinit$$00000023)
    __rt_lib_init_heap_1                     0x08000203   Thumb Code     0  libinit2.o(.ARM.Collect$$libinit$$0000000A)
    __rt_lib_init_lc_collate_1               0x08000203   Thumb Code     0  libinit2.o(.ARM.Collect$$libinit$$00000011)
    __rt_lib_init_lc_ctype_1                 0x08000203   Thumb Code     0  libinit2.o(.ARM.Collect$$libinit$$00000013)
    __rt_lib_init_lc_monetary_1              0x08000203   Thumb Code     0  libinit2.o(.ARM.Collect$$libinit$$00000015)
    __rt_lib_init_lc_numeric_1               0x08000203   Thumb Code     0  libinit2.o(.ARM.Collect$$libinit$$00000017)
    __rt_lib_init_lc_time_1                  0x08000203   Thumb Code     0  libinit2.o(.ARM.Collect$$libinit$$00000019)
    __rt_lib_init_preinit_1                  0x08000203   Thumb Code     0  libinit2.o(.ARM.Collect$$libinit$$00000004)
    __rt_lib_init_rand_1                     0x08000203   Thumb Code     0  libinit2.o(.ARM.Collect$$libinit$$0000000E)
    __rt_lib_init_return                     0x08000203   Thumb Code     0  libinit2.o(.ARM.Collect$$libinit$$00000033)
    __rt_lib_init_signal_1                   0x08000203   Thumb Code     0  libinit2.o(.ARM.Collect$$libinit$$0000001D)
    __rt_lib_init_stdio_1                    0x08000203   Thumb Code     0  libinit2.o(.ARM.Collect$$libinit$$00000025)
    __rt_lib_init_user_alloc_1               0x08000203   Thumb Code     0  libinit2.o(.ARM.Collect$$libinit$$0000000C)
    __rt_lib_shutdown                        0x08000205   Thumb Code     0  libshutdown.o(.ARM.Collect$$libshutdown$$00000000)
    __rt_lib_shutdown_cpp_1                  0x08000207   Thumb Code     0  libshutdown2.o(.ARM.Collect$$libshutdown$$00000002)
    __rt_lib_shutdown_fp_trap_1              0x08000207   Thumb Code     0  libshutdown2.o(.ARM.Collect$$libshutdown$$00000007)
    __rt_lib_shutdown_heap_1                 0x08000207   Thumb Code     0  libshutdown2.o(.ARM.Collect$$libshutdown$$0000000F)
    __rt_lib_shutdown_return                 0x08000207   Thumb Code     0  libshutdown2.o(.ARM.Collect$$libshutdown$$00000010)
    __rt_lib_shutdown_signal_1               0x08000207   Thumb Code     0  libshutdown2.o(.ARM.Collect$$libshutdown$$0000000A)
    __rt_lib_shutdown_stdio_1                0x08000207   Thumb Code     0  libshutdown2.o(.ARM.Collect$$libshutdown$$00000004)
    __rt_lib_shutdown_user_alloc_1           0x08000207   Thumb Code     0  libshutdown2.o(.ARM.Collect$$libshutdown$$0000000C)
    __rt_entry                               0x08000209   Thumb Code     0  __rtentry.o(.ARM.Collect$$rtentry$$00000000)
    __rt_entry_presh_1                       0x08000209   Thumb Code     0  __rtentry2.o(.ARM.Collect$$rtentry$$00000002)
    __rt_entry_sh                            0x08000209   Thumb Code     0  __rtentry4.o(.ARM.Collect$$rtentry$$00000004)
    __rt_entry_li                            0x0800020f   Thumb Code     0  __rtentry2.o(.ARM.Collect$$rtentry$$0000000A)
    __rt_entry_postsh_1                      0x0800020f   Thumb Code     0  __rtentry2.o(.ARM.Collect$$rtentry$$00000009)
    __rt_entry_main                          0x08000213   Thumb Code     0  __rtentry2.o(.ARM.Collect$$rtentry$$0000000D)
    __rt_entry_postli_1                      0x08000213   Thumb Code     0  __rtentry2.o(.ARM.Collect$$rtentry$$0000000C)
    __rt_exit                                0x0800021b   Thumb Code     0  rtexit.o(.ARM.Collect$$rtexit$$00000000)
    __rt_exit_ls                             0x0800021d   Thumb Code     0  rtexit2.o(.ARM.Collect$$rtexit$$00000003)
    __rt_exit_prels_1                        0x0800021d   Thumb Code     0  rtexit2.o(.ARM.Collect$$rtexit$$00000002)
    __rt_exit_exit                           0x08000221   Thumb Code     0  rtexit2.o(.ARM.Collect$$rtexit$$00000004)
    SVC_Handler                              0x08000229   Thumb Code    28  port.o(.emb_text)
    __asm___6_port_c_39a90d8d__prvStartFirstTask 0x08000249   Thumb Code    36  port.o(.emb_text)
    __asm___6_port_c_39a90d8d__prvEnableVFP  0x08000271   Thumb Code    16  port.o(.emb_text)
    PendSV_Handler                           0x08000285   Thumb Code    88  port.o(.emb_text)
    vPortGetIPSR                             0x080002e1   Thumb Code     6  port.o(.emb_text)
    Reset_Handler                            0x080002e9   Thumb Code     8  startup_stm32f407xx.o(.text)
    ADC_IRQHandler                           0x08000303   Thumb Code     0  startup_stm32f407xx.o(.text)
    CAN1_SCE_IRQHandler                      0x08000303   Thumb Code     0  startup_stm32f407xx.o(.text)
    CAN2_RX0_IRQHandler                      0x08000303   Thumb Code     0  startup_stm32f407xx.o(.text)
    CAN2_RX1_IRQHandler                      0x08000303   Thumb Code     0  startup_stm32f407xx.o(.text)
    CAN2_SCE_IRQHandler                      0x08000303   Thumb Code     0  startup_stm32f407xx.o(.text)
    CAN2_TX_IRQHandler                       0x08000303   Thumb Code     0  startup_stm32f407xx.o(.text)
    DCMI_IRQHandler                          0x08000303   Thumb Code     0  startup_stm32f407xx.o(.text)
    DMA1_Stream0_IRQHandler                  0x08000303   Thumb Code     0  startup_stm32f407xx.o(.text)
    DMA1_Stream2_IRQHandler                  0x08000303   Thumb Code     0  startup_stm32f407xx.o(.text)
    DMA1_Stream3_IRQHandler                  0x08000303   Thumb Code     0  startup_stm32f407xx.o(.text)
    DMA1_Stream4_IRQHandler                  0x08000303   Thumb Code     0  startup_stm32f407xx.o(.text)
    DMA1_Stream5_IRQHandler                  0x08000303   Thumb Code     0  startup_stm32f407xx.o(.text)
    DMA1_Stream6_IRQHandler                  0x08000303   Thumb Code     0  startup_stm32f407xx.o(.text)
    DMA1_Stream7_IRQHandler                  0x08000303   Thumb Code     0  startup_stm32f407xx.o(.text)
    DMA2_Stream0_IRQHandler                  0x08000303   Thumb Code     0  startup_stm32f407xx.o(.text)
    DMA2_Stream1_IRQHandler                  0x08000303   Thumb Code     0  startup_stm32f407xx.o(.text)
    DMA2_Stream2_IRQHandler                  0x08000303   Thumb Code     0  startup_stm32f407xx.o(.text)
    DMA2_Stream3_IRQHandler                  0x08000303   Thumb Code     0  startup_stm32f407xx.o(.text)
    DMA2_Stream4_IRQHandler                  0x08000303   Thumb Code     0  startup_stm32f407xx.o(.text)
    DMA2_Stream5_IRQHandler                  0x08000303   Thumb Code     0  startup_stm32f407xx.o(.text)
    DMA2_Stream7_IRQHandler                  0x08000303   Thumb Code     0  startup_stm32f407xx.o(.text)
    ETH_IRQHandler                           0x08000303   Thumb Code     0  startup_stm32f407xx.o(.text)
    ETH_WKUP_IRQHandler                      0x08000303   Thumb Code     0  startup_stm32f407xx.o(.text)
    EXTI0_IRQHandler                         0x08000303   Thumb Code     0  startup_stm32f407xx.o(.text)
    EXTI15_10_IRQHandler                     0x08000303   Thumb Code     0  startup_stm32f407xx.o(.text)
    EXTI1_IRQHandler                         0x08000303   Thumb Code     0  startup_stm32f407xx.o(.text)
    EXTI2_IRQHandler                         0x08000303   Thumb Code     0  startup_stm32f407xx.o(.text)
    EXTI3_IRQHandler                         0x08000303   Thumb Code     0  startup_stm32f407xx.o(.text)
    EXTI4_IRQHandler                         0x08000303   Thumb Code     0  startup_stm32f407xx.o(.text)
    EXTI9_5_IRQHandler                       0x08000303   Thumb Code     0  startup_stm32f407xx.o(.text)
    FLASH_IRQHandler                         0x08000303   Thumb Code     0  startup_stm32f407xx.o(.text)
    FMC_IRQHandler                           0x08000303   Thumb Code     0  startup_stm32f407xx.o(.text)
    FPU_IRQHandler                           0x08000303   Thumb Code     0  startup_stm32f407xx.o(.text)
    HASH_RNG_IRQHandler                      0x08000303   Thumb Code     0  startup_stm32f407xx.o(.text)
    I2C1_ER_IRQHandler                       0x08000303   Thumb Code     0  startup_stm32f407xx.o(.text)
    I2C1_EV_IRQHandler                       0x08000303   Thumb Code     0  startup_stm32f407xx.o(.text)
    I2C2_ER_IRQHandler                       0x08000303   Thumb Code     0  startup_stm32f407xx.o(.text)
    I2C2_EV_IRQHandler                       0x08000303   Thumb Code     0  startup_stm32f407xx.o(.text)
    I2C3_ER_IRQHandler                       0x08000303   Thumb Code     0  startup_stm32f407xx.o(.text)
    I2C3_EV_IRQHandler                       0x08000303   Thumb Code     0  startup_stm32f407xx.o(.text)
    OTG_FS_IRQHandler                        0x08000303   Thumb Code     0  startup_stm32f407xx.o(.text)
    OTG_FS_WKUP_IRQHandler                   0x08000303   Thumb Code     0  startup_stm32f407xx.o(.text)
    OTG_HS_EP1_IN_IRQHandler                 0x08000303   Thumb Code     0  startup_stm32f407xx.o(.text)
    OTG_HS_EP1_OUT_IRQHandler                0x08000303   Thumb Code     0  startup_stm32f407xx.o(.text)
    OTG_HS_IRQHandler                        0x08000303   Thumb Code     0  startup_stm32f407xx.o(.text)
    OTG_HS_WKUP_IRQHandler                   0x08000303   Thumb Code     0  startup_stm32f407xx.o(.text)
    PVD_IRQHandler                           0x08000303   Thumb Code     0  startup_stm32f407xx.o(.text)
    RCC_IRQHandler                           0x08000303   Thumb Code     0  startup_stm32f407xx.o(.text)
    RTC_Alarm_IRQHandler                     0x08000303   Thumb Code     0  startup_stm32f407xx.o(.text)
    RTC_WKUP_IRQHandler                      0x08000303   Thumb Code     0  startup_stm32f407xx.o(.text)
    SDIO_IRQHandler                          0x08000303   Thumb Code     0  startup_stm32f407xx.o(.text)
    SPI1_IRQHandler                          0x08000303   Thumb Code     0  startup_stm32f407xx.o(.text)
    SPI2_IRQHandler                          0x08000303   Thumb Code     0  startup_stm32f407xx.o(.text)
    SPI3_IRQHandler                          0x08000303   Thumb Code     0  startup_stm32f407xx.o(.text)
    TAMP_STAMP_IRQHandler                    0x08000303   Thumb Code     0  startup_stm32f407xx.o(.text)
    TIM1_BRK_TIM9_IRQHandler                 0x08000303   Thumb Code     0  startup_stm32f407xx.o(.text)
    TIM1_CC_IRQHandler                       0x08000303   Thumb Code     0  startup_stm32f407xx.o(.text)
    TIM1_TRG_COM_TIM11_IRQHandler            0x08000303   Thumb Code     0  startup_stm32f407xx.o(.text)
    TIM1_UP_TIM10_IRQHandler                 0x08000303   Thumb Code     0  startup_stm32f407xx.o(.text)
    TIM3_IRQHandler                          0x08000303   Thumb Code     0  startup_stm32f407xx.o(.text)
    TIM4_IRQHandler                          0x08000303   Thumb Code     0  startup_stm32f407xx.o(.text)
    TIM5_IRQHandler                          0x08000303   Thumb Code     0  startup_stm32f407xx.o(.text)
    TIM6_DAC_IRQHandler                      0x08000303   Thumb Code     0  startup_stm32f407xx.o(.text)
    TIM7_IRQHandler                          0x08000303   Thumb Code     0  startup_stm32f407xx.o(.text)
    TIM8_BRK_TIM12_IRQHandler                0x08000303   Thumb Code     0  startup_stm32f407xx.o(.text)
    TIM8_CC_IRQHandler                       0x08000303   Thumb Code     0  startup_stm32f407xx.o(.text)
    TIM8_TRG_COM_TIM14_IRQHandler            0x08000303   Thumb Code     0  startup_stm32f407xx.o(.text)
    TIM8_UP_TIM13_IRQHandler                 0x08000303   Thumb Code     0  startup_stm32f407xx.o(.text)
    UART4_IRQHandler                         0x08000303   Thumb Code     0  startup_stm32f407xx.o(.text)
    UART5_IRQHandler                         0x08000303   Thumb Code     0  startup_stm32f407xx.o(.text)
    USART1_IRQHandler                        0x08000303   Thumb Code     0  startup_stm32f407xx.o(.text)
    USART2_IRQHandler                        0x08000303   Thumb Code     0  startup_stm32f407xx.o(.text)
    WWDG_IRQHandler                          0x08000303   Thumb Code     0  startup_stm32f407xx.o(.text)
    __user_initial_stackheap                 0x08000305   Thumb Code     0  startup_stm32f407xx.o(.text)
    __aeabi_uldivmod                         0x08000329   Thumb Code     0  lludivv7m.o(.text)
    _ll_udiv                                 0x08000329   Thumb Code   238  lludivv7m.o(.text)
    __aeabi_memcpy4                          0x08000417   Thumb Code     0  rt_memcpy_w.o(.text)
    __aeabi_memcpy8                          0x08000417   Thumb Code     0  rt_memcpy_w.o(.text)
    __rt_memcpy_w                            0x08000417   Thumb Code   100  rt_memcpy_w.o(.text)
    _memcpy_lastbytes_aligned                0x0800045f   Thumb Code     0  rt_memcpy_w.o(.text)
    __aeabi_memclr4                          0x0800047b   Thumb Code     0  rt_memclr_w.o(.text)
    __aeabi_memclr8                          0x0800047b   Thumb Code     0  rt_memclr_w.o(.text)
    __rt_memclr_w                            0x0800047b   Thumb Code    78  rt_memclr_w.o(.text)
    _memset_w                                0x0800047f   Thumb Code     0  rt_memclr_w.o(.text)
    __use_two_region_memory                  0x080004c9   Thumb Code     2  heapauxi.o(.text)
    __rt_heap_escrow$2region                 0x080004cb   Thumb Code     2  heapauxi.o(.text)
    __rt_heap_expand$2region                 0x080004cd   Thumb Code     2  heapauxi.o(.text)
    __read_errno                             0x080004cf   Thumb Code    10  _rserrno.o(.text)
    __set_errno                              0x080004d9   Thumb Code    12  _rserrno.o(.text)
    __aeabi_errno_addr                       0x080004e5   Thumb Code     8  rt_errno_addr_intlibspace.o(.text)
    __errno$intlibspace                      0x080004e5   Thumb Code     0  rt_errno_addr_intlibspace.o(.text)
    __rt_errno_addr$intlibspace              0x080004e5   Thumb Code     0  rt_errno_addr_intlibspace.o(.text)
    __user_libspace                          0x080004ed   Thumb Code     8  libspace.o(.text)
    __user_perproc_libspace                  0x080004ed   Thumb Code     0  libspace.o(.text)
    __user_perthread_libspace                0x080004ed   Thumb Code     0  libspace.o(.text)
    __user_setup_stackheap                   0x080004f5   Thumb Code    74  sys_stackheap_outer.o(.text)
    exit                                     0x0800053f   Thumb Code    18  exit.o(.text)
    _sys_exit                                0x08000551   Thumb Code     8  sys_exit.o(.text)
    __I$use$semihosting                      0x0800055d   Thumb Code     0  use_no_semi.o(.text)
    __use_no_semihosting_swi                 0x0800055d   Thumb Code     2  use_no_semi.o(.text)
    __semihosting_library_function           0x0800055f   Thumb Code     0  indicate_semi.o(.text)
    BMI088_ACCEL_NS_H                        0x08000561   Thumb Code    14  bmi088middleware.o(i.BMI088_ACCEL_NS_H)
    BMI088_ACCEL_NS_L                        0x08000575   Thumb Code    14  bmi088middleware.o(i.BMI088_ACCEL_NS_L)
    BMI088_GPIO_init                         0x08000589   Thumb Code     2  bmi088middleware.o(i.BMI088_GPIO_init)
    BMI088_GYRO_NS_H                         0x0800058d   Thumb Code    14  bmi088middleware.o(i.BMI088_GYRO_NS_H)
    BMI088_GYRO_NS_L                         0x080005a1   Thumb Code    14  bmi088middleware.o(i.BMI088_GYRO_NS_L)
    BMI088_com_init                          0x080005b5   Thumb Code     2  bmi088middleware.o(i.BMI088_com_init)
    BMI088_delay_ms                          0x080005b7   Thumb Code    26  bmi088middleware.o(i.BMI088_delay_ms)
    BMI088_delay_us                          0x080005d1   Thumb Code    74  bmi088middleware.o(i.BMI088_delay_us)
    BMI088_init                              0x0800061b   Thumb Code    28  bmi088driver.o(i.BMI088_init)
    BMI088_read                              0x08000639   Thumb Code   372  bmi088driver.o(i.BMI088_read)
    BMI088_read_write_byte                   0x080007f5   Thumb Code    28  bmi088middleware.o(i.BMI088_read_write_byte)
    BusFault_Handler                         0x08000829   Thumb Code     4  stm32f4xx_it.o(i.BusFault_Handler)
    CAN1_RX0_IRQHandler                      0x0800082d   Thumb Code    10  stm32f4xx_it.o(i.CAN1_RX0_IRQHandler)
    CAN1_RX1_IRQHandler                      0x0800083d   Thumb Code    10  stm32f4xx_it.o(i.CAN1_RX1_IRQHandler)
    CAN1_TX_IRQHandler                       0x0800084d   Thumb Code    10  stm32f4xx_it.o(i.CAN1_TX_IRQHandler)
    CAN_cmd_chassis                          0x0800085d   Thumb Code    68  can_receive.o(i.CAN_cmd_chassis)
    Can_Send                                 0x080008ad   Thumb Code    32  can_receive.o(i.Can_Send)
    DMA1_Stream1_IRQHandler                  0x080008d1   Thumb Code    10  stm32f4xx_it.o(i.DMA1_Stream1_IRQHandler)
    DMA2_Stream6_IRQHandler                  0x080008e1   Thumb Code    10  stm32f4xx_it.o(i.DMA2_Stream6_IRQHandler)
    DebugMon_Handler                         0x080009cf   Thumb Code     2  stm32f4xx_it.o(i.DebugMon_Handler)
    Error_Handler                            0x080009d1   Thumb Code     6  main.o(i.Error_Handler)
    Gimbal_task                              0x080009d9   Thumb Code    36  gimbal.o(i.Gimbal_task)
    HAL_CAN_ActivateNotification             0x08000a01   Thumb Code    42  stm32f4xx_hal_can.o(i.HAL_CAN_ActivateNotification)
    HAL_CAN_AddTxMessage                     0x08000a2b   Thumb Code   330  stm32f4xx_hal_can.o(i.HAL_CAN_AddTxMessage)
    HAL_CAN_ConfigFilter                     0x08000b75   Thumb Code   284  stm32f4xx_hal_can.o(i.HAL_CAN_ConfigFilter)
    HAL_CAN_ErrorCallback                    0x08000c95   Thumb Code     2  stm32f4xx_hal_can.o(i.HAL_CAN_ErrorCallback)
    HAL_CAN_GetRxMessage                     0x08000c97   Thumb Code   404  stm32f4xx_hal_can.o(i.HAL_CAN_GetRxMessage)
    HAL_CAN_IRQHandler                       0x08000e2b   Thumb Code   590  stm32f4xx_hal_can.o(i.HAL_CAN_IRQHandler)
    HAL_CAN_Init                             0x08001079   Thumb Code   372  stm32f4xx_hal_can.o(i.HAL_CAN_Init)
    HAL_CAN_MspInit                          0x080011ed   Thumb Code   170  can.o(i.HAL_CAN_MspInit)
    HAL_CAN_RxFifo0FullCallback              0x080012a5   Thumb Code     2  stm32f4xx_hal_can.o(i.HAL_CAN_RxFifo0FullCallback)
    HAL_CAN_RxFifo0MsgPendingCallback        0x080012a9   Thumb Code   100  can_receive.o(i.HAL_CAN_RxFifo0MsgPendingCallback)
    HAL_CAN_RxFifo1FullCallback              0x08001321   Thumb Code     2  stm32f4xx_hal_can.o(i.HAL_CAN_RxFifo1FullCallback)
    HAL_CAN_RxFifo1MsgPendingCallback        0x08001323   Thumb Code     2  stm32f4xx_hal_can.o(i.HAL_CAN_RxFifo1MsgPendingCallback)
    HAL_CAN_SleepCallback                    0x08001325   Thumb Code     2  stm32f4xx_hal_can.o(i.HAL_CAN_SleepCallback)
    HAL_CAN_Start                            0x08001327   Thumb Code    94  stm32f4xx_hal_can.o(i.HAL_CAN_Start)
    HAL_CAN_TxMailbox0AbortCallback          0x08001385   Thumb Code     2  stm32f4xx_hal_can.o(i.HAL_CAN_TxMailbox0AbortCallback)
    HAL_CAN_TxMailbox0CompleteCallback       0x08001387   Thumb Code     2  stm32f4xx_hal_can.o(i.HAL_CAN_TxMailbox0CompleteCallback)
    HAL_CAN_TxMailbox1AbortCallback          0x08001389   Thumb Code     2  stm32f4xx_hal_can.o(i.HAL_CAN_TxMailbox1AbortCallback)
    HAL_CAN_TxMailbox1CompleteCallback       0x0800138b   Thumb Code     2  stm32f4xx_hal_can.o(i.HAL_CAN_TxMailbox1CompleteCallback)
    HAL_CAN_TxMailbox2AbortCallback          0x0800138d   Thumb Code     2  stm32f4xx_hal_can.o(i.HAL_CAN_TxMailbox2AbortCallback)
    HAL_CAN_TxMailbox2CompleteCallback       0x0800138f   Thumb Code     2  stm32f4xx_hal_can.o(i.HAL_CAN_TxMailbox2CompleteCallback)
    HAL_CAN_WakeUpFromRxMsgCallback          0x08001391   Thumb Code     2  stm32f4xx_hal_can.o(i.HAL_CAN_WakeUpFromRxMsgCallback)
    HAL_DMA_Abort                            0x08001393   Thumb Code   172  stm32f4xx_hal_dma.o(i.HAL_DMA_Abort)
    HAL_DMA_Abort_IT                         0x0800143f   Thumb Code    40  stm32f4xx_hal_dma.o(i.HAL_DMA_Abort_IT)
    HAL_DMA_IRQHandler                       0x08001469   Thumb Code   570  stm32f4xx_hal_dma.o(i.HAL_DMA_IRQHandler)
    HAL_DMA_Init                             0x080016a9   Thumb Code   232  stm32f4xx_hal_dma.o(i.HAL_DMA_Init)
    HAL_GPIO_Init                            0x08001795   Thumb Code   454  stm32f4xx_hal_gpio.o(i.HAL_GPIO_Init)
    HAL_GPIO_WritePin                        0x08001989   Thumb Code    12  stm32f4xx_hal_gpio.o(i.HAL_GPIO_WritePin)
    HAL_GetTick                              0x08001995   Thumb Code     6  stm32f4xx_hal.o(i.HAL_GetTick)
    HAL_IncTick                              0x080019a1   Thumb Code    16  stm32f4xx_hal.o(i.HAL_IncTick)
    HAL_Init                                 0x080019b9   Thumb Code    54  stm32f4xx_hal.o(i.HAL_Init)
    HAL_InitTick                             0x080019f5   Thumb Code    64  stm32f4xx_hal.o(i.HAL_InitTick)
    HAL_MspInit                              0x08001a41   Thumb Code    78  stm32f4xx_hal_msp.o(i.HAL_MspInit)
    HAL_NVIC_EnableIRQ                       0x08001a95   Thumb Code    40  stm32f4xx_hal_cortex.o(i.HAL_NVIC_EnableIRQ)
    HAL_NVIC_SetPriority                     0x08001abd   Thumb Code   124  stm32f4xx_hal_cortex.o(i.HAL_NVIC_SetPriority)
    HAL_NVIC_SetPriorityGrouping             0x08001b39   Thumb Code    32  stm32f4xx_hal_cortex.o(i.HAL_NVIC_SetPriorityGrouping)
    HAL_RCC_ClockConfig                      0x08001b61   Thumb Code   368  stm32f4xx_hal_rcc.o(i.HAL_RCC_ClockConfig)
    HAL_RCC_GetHCLKFreq                      0x08001ce5   Thumb Code     6  stm32f4xx_hal_rcc.o(i.HAL_RCC_GetHCLKFreq)
    HAL_RCC_GetPCLK1Freq                     0x08001cf1   Thumb Code    22  stm32f4xx_hal_rcc.o(i.HAL_RCC_GetPCLK1Freq)
    HAL_RCC_GetPCLK2Freq                     0x08001d11   Thumb Code    22  stm32f4xx_hal_rcc.o(i.HAL_RCC_GetPCLK2Freq)
    HAL_RCC_GetSysClockFreq                  0x08001d31   Thumb Code   162  stm32f4xx_hal_rcc.o(i.HAL_RCC_GetSysClockFreq)
    HAL_RCC_OscConfig                        0x08001de1   Thumb Code  1172  stm32f4xx_hal_rcc.o(i.HAL_RCC_OscConfig)
    HAL_SPI_Init                             0x0800227d   Thumb Code   200  stm32f4xx_hal_spi.o(i.HAL_SPI_Init)
    HAL_SPI_MspInit                          0x08002345   Thumb Code   180  spi.o(i.HAL_SPI_MspInit)
    HAL_SPI_TransmitReceive                  0x08002409   Thumb Code   584  stm32f4xx_hal_spi.o(i.HAL_SPI_TransmitReceive)
    HAL_SYSTICK_Config                       0x08002651   Thumb Code    52  stm32f4xx_hal_cortex.o(i.HAL_SYSTICK_Config)
    HAL_TIMEx_BreakCallback                  0x08002685   Thumb Code     2  stm32f4xx_hal_tim_ex.o(i.HAL_TIMEx_BreakCallback)
    HAL_TIMEx_CommutCallback                 0x08002687   Thumb Code     2  stm32f4xx_hal_tim_ex.o(i.HAL_TIMEx_CommutCallback)
    HAL_TIMEx_MasterConfigSynchronization    0x08002689   Thumb Code   150  stm32f4xx_hal_tim_ex.o(i.HAL_TIMEx_MasterConfigSynchronization)
    HAL_TIM_Base_Init                        0x0800273d   Thumb Code   102  stm32f4xx_hal_tim.o(i.HAL_TIM_Base_Init)
    HAL_TIM_Base_MspInit                     0x080027a5   Thumb Code   108  tim.o(i.HAL_TIM_Base_MspInit)
    HAL_TIM_Base_Start_IT                    0x08002819   Thumb Code   138  stm32f4xx_hal_tim.o(i.HAL_TIM_Base_Start_IT)
    HAL_TIM_ConfigClockSource                0x080028c1   Thumb Code   268  stm32f4xx_hal_tim.o(i.HAL_TIM_ConfigClockSource)
    HAL_TIM_IC_CaptureCallback               0x080029cd   Thumb Code     2  stm32f4xx_hal_tim.o(i.HAL_TIM_IC_CaptureCallback)
    HAL_TIM_IRQHandler                       0x080029cf   Thumb Code   364  stm32f4xx_hal_tim.o(i.HAL_TIM_IRQHandler)
    HAL_TIM_MspPostInit                      0x08002b3d   Thumb Code    84  tim.o(i.HAL_TIM_MspPostInit)
    HAL_TIM_OC_DelayElapsedCallback          0x08002b9d   Thumb Code     2  stm32f4xx_hal_tim.o(i.HAL_TIM_OC_DelayElapsedCallback)
    HAL_TIM_PWM_ConfigChannel                0x08002b9f   Thumb Code   260  stm32f4xx_hal_tim.o(i.HAL_TIM_PWM_ConfigChannel)
    HAL_TIM_PWM_Init                         0x08002ca3   Thumb Code   102  stm32f4xx_hal_tim.o(i.HAL_TIM_PWM_Init)
    HAL_TIM_PWM_MspInit                      0x08002d09   Thumb Code     2  stm32f4xx_hal_tim.o(i.HAL_TIM_PWM_MspInit)
    HAL_TIM_PWM_PulseFinishedCallback        0x08002d0b   Thumb Code     2  stm32f4xx_hal_tim.o(i.HAL_TIM_PWM_PulseFinishedCallback)
    HAL_TIM_PeriodElapsedCallback            0x08002d0d   Thumb Code    26  main.o(i.HAL_TIM_PeriodElapsedCallback)
    HAL_TIM_TriggerCallback                  0x08002d2d   Thumb Code     2  stm32f4xx_hal_tim.o(i.HAL_TIM_TriggerCallback)
    HAL_UARTEx_RxEventCallback               0x08002d2f   Thumb Code     2  stm32f4xx_hal_uart.o(i.HAL_UARTEx_RxEventCallback)
    HAL_UART_ErrorCallback                   0x08002d31   Thumb Code     2  stm32f4xx_hal_uart.o(i.HAL_UART_ErrorCallback)
    HAL_UART_IRQHandler                      0x08002d35   Thumb Code   772  stm32f4xx_hal_uart.o(i.HAL_UART_IRQHandler)
    HAL_UART_Init                            0x0800303d   Thumb Code   118  stm32f4xx_hal_uart.o(i.HAL_UART_Init)
    HAL_UART_MspInit                         0x080030b5   Thumb Code   386  usart.o(i.HAL_UART_MspInit)
    HAL_UART_RxCpltCallback                  0x0800325d   Thumb Code     2  stm32f4xx_hal_uart.o(i.HAL_UART_RxCpltCallback)
    HAL_UART_Transmit                        0x0800325f   Thumb Code   190  stm32f4xx_hal_uart.o(i.HAL_UART_Transmit)
    HAL_UART_TxCpltCallback                  0x0800331d   Thumb Code     2  stm32f4xx_hal_uart.o(i.HAL_UART_TxCpltCallback)
    HardFault_Handler                        0x0800331f   Thumb Code     4  stm32f4xx_it.o(i.HardFault_Handler)
    IMU_AHRSupdate                           0x08003325   Thumb Code   538  imu.o(i.IMU_AHRSupdate)
    IMU_Calibration                          0x08003559   Thumb Code   160  imu.o(i.IMU_Calibration)
    IMU_GetValues                            0x0800360d   Thumb Code   214  imu.o(i.IMU_GetValues)
    IMU_Offset                               0x08003701   Thumb Code   372  imu.o(i.IMU_Offset)
    IMU_getEuleranAngles                     0x08003895   Thumb Code   414  imu.o(i.IMU_getEuleranAngles)
    MX_CAN1_Init                             0x08003a59   Thumb Code    58  can.o(i.MX_CAN1_Init)
    MX_DMA_Init                              0x08003a9d   Thumb Code    98  dma.o(i.MX_DMA_Init)
    MX_FREERTOS_Init                         0x08003b05   Thumb Code    78  freertos.o(i.MX_FREERTOS_Init)
    MX_GPIO_Init                             0x08003b65   Thumb Code   312  gpio.o(i.MX_GPIO_Init)
    MX_SPI1_Init                             0x08003cad   Thumb Code    62  spi.o(i.MX_SPI1_Init)
    MX_TIM10_Init                            0x08003cf5   Thumb Code   100  tim.o(i.MX_TIM10_Init)
    MX_TIM2_Init                             0x08003d61   Thumb Code   102  tim.o(i.MX_TIM2_Init)
    MX_USART3_UART_Init                      0x08003dcd   Thumb Code    48  usart.o(i.MX_USART3_UART_Init)
    MX_USART6_UART_Init                      0x08003e09   Thumb Code    46  usart.o(i.MX_USART6_UART_Init)
    MemManage_Handler                        0x08003e41   Thumb Code     4  stm32f4xx_it.o(i.MemManage_Handler)
    MotorSetTar                              0x08003e45   Thumb Code    26  motor.o(i.MotorSetTar)
    NMI_Handler                              0x08003e5f   Thumb Code     4  stm32f4xx_it.o(i.NMI_Handler)
    RC_init                                  0x08003e65   Thumb Code   142  bsp_rc.o(i.RC_init)
    StartDefaultTask                         0x08004061   Thumb Code    10  freertos.o(i.StartDefaultTask)
    SysTick_Handler                          0x0800406b   Thumb Code    20  stm32f4xx_it.o(i.SysTick_Handler)
    SystemClock_Config                       0x08004081   Thumb Code   170  main.o(i.SystemClock_Config)
    SystemInit                               0x08004135   Thumb Code    14  system_stm32f4xx.o(i.SystemInit)
    TIM2_IRQHandler                          0x08004149   Thumb Code    10  stm32f4xx_it.o(i.TIM2_IRQHandler)
    TIM_Base_SetConfig                       0x08004159   Thumb Code   178  stm32f4xx_hal_tim.o(i.TIM_Base_SetConfig)
    TIM_ETR_SetConfig                        0x08004239   Thumb Code    22  stm32f4xx_hal_tim.o(i.TIM_ETR_SetConfig)
    TIM_OC2_SetConfig                        0x080042d1   Thumb Code   114  stm32f4xx_hal_tim.o(i.TIM_OC2_SetConfig)
    USART3_IRQHandler                        0x08004919   Thumb Code   248  remote_control.o(i.USART3_IRQHandler)
    USART6_IRQHandler                        0x08004a2d   Thumb Code    10  stm32f4xx_it.o(i.USART6_IRQHandler)
    UsageFault_Handler                       0x08004a3d   Thumb Code     4  stm32f4xx_it.o(i.UsageFault_Handler)
    VOFA_Send_Data                           0x08004a41   Thumb Code    82  vofa.o(i.VOFA_Send_Data)
    VOFA_Send_Frametail                      0x08004a9d   Thumb Code    90  vofa.o(i.VOFA_Send_Frametail)
    VOFA_Transmit                            0x08004b01   Thumb Code    22  vofa.o(i.VOFA_Transmit)
    __ARM_fpclassify                         0x08004b17   Thumb Code    48  fpclassify.o(i.__ARM_fpclassify)
    __hardfp_asin                            0x08004b81   Thumb Code   770  asin.o(i.__hardfp_asin)
    __hardfp_atan                            0x08004ee1   Thumb Code   622  atan.o(i.__hardfp_atan)
    __hardfp_atan2                           0x080051b9   Thumb Code   432  atan2.o(i.__hardfp_atan2)
    __hardfp_fabs                            0x080053a9   Thumb Code    20  fabs.o(i.__hardfp_fabs)
    __kernel_poly                            0x080053bd   Thumb Code   248  poly.o(i.__kernel_poly)
    __mathlib_dbl_infnan                     0x080054b5   Thumb Code    20  dunder.o(i.__mathlib_dbl_infnan)
    __mathlib_dbl_infnan2                    0x080054c9   Thumb Code    20  dunder.o(i.__mathlib_dbl_infnan2)
    __mathlib_dbl_invalid                    0x080054e1   Thumb Code    24  dunder.o(i.__mathlib_dbl_invalid)
    __mathlib_dbl_underflow                  0x08005501   Thumb Code    24  dunder.o(i.__mathlib_dbl_underflow)
    atan                                     0x08005521   Thumb Code    16  atan.o(i.atan)
    bmi088_accel_init                        0x08005531   Thumb Code   290  bmi088driver.o(i.bmi088_accel_init)
    bmi088_gyro_init                         0x08005659   Thumb Code   238  bmi088driver.o(i.bmi088_gyro_init)
    can_filter_init                          0x0800574d   Thumb Code    56  bsp_can.o(i.can_filter_init)
    fabs                                     0x08005789   Thumb Code    24  fabs.o(i.fabs)
    fast_sqrt                                0x080057a1   Thumb Code    56  imu.o(i.fast_sqrt)
    get_motor_measure                        0x080057dd   Thumb Code    40  can_receive.o(i.get_motor_measure)
    get_remote_control_point                 0x08005805   Thumb Code     4  remote_control.o(i.get_remote_control_point)
    gimbal_PID_init                          0x0800580d   Thumb Code    56  pid.o(i.gimbal_PID_init)
    gimbal_angle_limit                       0x08005865   Thumb Code   318  gimbal.o(i.gimbal_angle_limit)
    gimbal_detact_calibration                0x080059a5   Thumb Code    70  gimbal.o(i.gimbal_detact_calibration)
    main                                     0x08005c1d   Thumb Code   112  main.o(i.main)
    osDelay                                  0x08005ce1   Thumb Code    24  cmsis_os.o(i.osDelay)
    osKernelStart                            0x08005cf9   Thumb Code    10  cmsis_os.o(i.osKernelStart)
    osThreadCreate                           0x08005d03   Thumb Code    94  cmsis_os.o(i.osThreadCreate)
    pid_init                                 0x08005d61   Thumb Code    22  pid.o(i.pid_init)
    pvPortMalloc                             0x080061f9   Thumb Code   306  heap_4.o(i.pvPortMalloc)
    pxPortInitialiseStack                    0x08006345   Thumb Code    38  port.o(i.pxPortInitialiseStack)
    remote_control_init                      0x08006371   Thumb Code    16  remote_control.o(i.remote_control_init)
    sqrt                                     0x08006529   Thumb Code   110  sqrt.o(i.sqrt)
    uxListRemove                             0x08006597   Thumb Code    40  list.o(i.uxListRemove)
    vApplicationGetIdleTaskMemory            0x080065c1   Thumb Code    14  freertos.o(i.vApplicationGetIdleTaskMemory)
    vListInitialise                          0x080065d9   Thumb Code    26  list.o(i.vListInitialise)
    vListInitialiseItem                      0x080065f3   Thumb Code     6  list.o(i.vListInitialiseItem)
    vListInsert                              0x080065f9   Thumb Code    52  list.o(i.vListInsert)
    vListInsertEnd                           0x0800662d   Thumb Code    24  list.o(i.vListInsertEnd)
    vPortEnterCritical                       0x08006645   Thumb Code    76  port.o(i.vPortEnterCritical)
    vPortExitCritical                        0x08006699   Thumb Code    56  port.o(i.vPortExitCritical)
    vPortFree                                0x080066d5   Thumb Code   150  heap_4.o(i.vPortFree)
    vPortSetupTimerInterrupt                 0x08006779   Thumb Code    36  port.o(i.vPortSetupTimerInterrupt)
    vTaskDelay                               0x080067a1   Thumb Code    82  tasks.o(i.vTaskDelay)
    vTaskStartScheduler                      0x080067fd   Thumb Code   146  tasks.o(i.vTaskStartScheduler)
    vTaskSuspendAll                          0x080068ad   Thumb Code    12  tasks.o(i.vTaskSuspendAll)
    vTaskSwitchContext                       0x080068bd   Thumb Code   118  tasks.o(i.vTaskSwitchContext)
    vofa_demo2                               0x08006949   Thumb Code    48  vofa.o(i.vofa_demo2)
    xPortStartScheduler                      0x08006979   Thumb Code   330  port.o(i.xPortStartScheduler)
    xPortSysTickHandler                      0x08006ae1   Thumb Code    46  port.o(i.xPortSysTickHandler)
    xTaskCreate                              0x08006b15   Thumb Code   100  tasks.o(i.xTaskCreate)
    xTaskCreateStatic                        0x08006b79   Thumb Code   186  tasks.o(i.xTaskCreateStatic)
    xTaskGetSchedulerState                   0x08006c35   Thumb Code    24  tasks.o(i.xTaskGetSchedulerState)
    xTaskIncrementTick                       0x08006c55   Thumb Code   282  tasks.o(i.xTaskIncrementTick)
    xTaskResumeAll                           0x08006d9d   Thumb Code   224  tasks.o(i.xTaskResumeAll)
    __aeabi_dneg                             0x08006ea1   Thumb Code     0  basic.o(x$fpl$basic)
    _dneg                                    0x08006ea1   Thumb Code     6  basic.o(x$fpl$basic)
    __aeabi_fneg                             0x08006ea7   Thumb Code     0  basic.o(x$fpl$basic)
    _fneg                                    0x08006ea7   Thumb Code     6  basic.o(x$fpl$basic)
    _dabs                                    0x08006ead   Thumb Code     6  basic.o(x$fpl$basic)
    _fabs                                    0x08006eb3   Thumb Code     6  basic.o(x$fpl$basic)
    __aeabi_d2f                              0x08006eb9   Thumb Code     0  d2f.o(x$fpl$d2f)
    _d2f                                     0x08006eb9   Thumb Code    98  d2f.o(x$fpl$d2f)
    __aeabi_dadd                             0x08006f1d   Thumb Code     0  daddsub_clz.o(x$fpl$dadd)
    _dadd                                    0x08006f1d   Thumb Code   332  daddsub_clz.o(x$fpl$dadd)
    __aeabi_ddiv                             0x0800706d   Thumb Code     0  ddiv.o(x$fpl$ddiv)
    _ddiv                                    0x0800706d   Thumb Code   552  ddiv.o(x$fpl$ddiv)
    __aeabi_dmul                             0x0800731d   Thumb Code     0  dmul.o(x$fpl$dmul)
    _dmul                                    0x0800731d   Thumb Code   332  dmul.o(x$fpl$dmul)
    __fpl_dnaninf                            0x08007471   Thumb Code   156  dnaninf.o(x$fpl$dnaninf)
    __fpl_dretinf                            0x0800750d   Thumb Code    12  dretinf.o(x$fpl$dretinf)
    __aeabi_drsub                            0x08007519   Thumb Code     0  daddsub_clz.o(x$fpl$drsb)
    _drsb                                    0x08007519   Thumb Code    22  daddsub_clz.o(x$fpl$drsb)
    _dsqrt                                   0x08007531   Thumb Code   404  dsqrt_umaal.o(x$fpl$dsqrt)
    __aeabi_dsub                             0x080076c9   Thumb Code     0  daddsub_clz.o(x$fpl$dsub)
    _dsub                                    0x080076c9   Thumb Code   464  daddsub_clz.o(x$fpl$dsub)
    __aeabi_f2d                              0x0800789d   Thumb Code     0  f2d.o(x$fpl$f2d)
    _f2d                                     0x0800789d   Thumb Code    86  f2d.o(x$fpl$f2d)
    __fpl_fnaninf                            0x080078f3   Thumb Code   140  fnaninf.o(x$fpl$fnaninf)
    _fp_init                                 0x0800797f   Thumb Code    10  fpinit.o(x$fpl$fpinit)
    __fplib_config_fpu_vfp                   0x08007987   Thumb Code     0  fpinit.o(x$fpl$fpinit)
    __fplib_config_pureend_doubles           0x08007987   Thumb Code     0  fpinit.o(x$fpl$fpinit)
    __fpl_fretinf                            0x08007989   Thumb Code    10  fretinf.o(x$fpl$fretinf)
    __I$use$fp                               0x08007992   Number         0  usenofp.o(x$fpl$usenofp)
    AHBPrescTable                            0x080079f0   Data          16  system_stm32f4xx.o(.constdata)
    APBPrescTable                            0x08007a00   Data           8  system_stm32f4xx.o(.constdata)
    __mathlib_zero                           0x08007af0   Data           8  qnan.o(.constdata)
    Region$$Table$$Base                      0x08007b1c   Number         0  anon$$obj.o(Region$$Table)
    Region$$Table$$Limit                     0x08007b3c   Number         0  anon$$obj.o(Region$$Table)
    defaultTaskHandle                        0x20000000   Data           4  freertos.o(.data)
    can_send_motorHandle                     0x20000004   Data           4  freertos.o(.data)
    GimbalHandle                             0x20000008   Data           4  freertos.o(.data)
    uwTick                                   0x2000000c   Data           4  stm32f4xx_hal.o(.data)
    uwTickPrio                               0x20000010   Data           4  stm32f4xx_hal.o(.data)
    uwTickFreq                               0x20000014   Data           1  stm32f4xx_hal.o(.data)
    SystemCoreClock                          0x20000018   Data           4  system_stm32f4xx.o(.data)
    BMI088_ACCEL_SEN                         0x2000001c   Data           4  bmi088driver.o(.data)
    BMI088_GYRO_SEN                          0x20000020   Data           4  bmi088driver.o(.data)
    Ax                                       0x20000048   Data           2  imu.o(.data)
    Ay                                       0x2000004a   Data           2  imu.o(.data)
    Az                                       0x2000004c   Data           2  imu.o(.data)
    Gx                                       0x2000004e   Data           2  imu.o(.data)
    Gy                                       0x20000050   Data           2  imu.o(.data)
    Gz                                       0x20000052   Data           2  imu.o(.data)
    temp                                     0x20000054   Data           4  imu.o(.data)
    q                                        0x20000058   Data          16  imu.o(.data)
    exInt                                    0x20000068   Data           4  imu.o(.data)
    eyInt                                    0x2000006c   Data           4  imu.o(.data)
    ezInt                                    0x20000070   Data           4  imu.o(.data)
    SENSER_OFFSET_FLAG                       0x20000074   Data           1  imu.o(.data)
    cnt                                      0x20000092   Data           2  vofa.o(.data)
    GIMBAL_OFFSET_FLAG                       0x20000094   Data           1  gimbal.o(.data)
    motor_ready                              0x20000098   Data           8  motor.o(.data)
    rx_data                                  0x200000b0   Data           8  can_receive.o(.data)
    local_rc_ctrl                            0x200000b8   Data           4  remote_control.o(.data)
    pxCurrentTCB                             0x200000c0   Data           4  tasks.o(.data)
    hcan1                                    0x2000037c   Data          40  can.o(.bss)
    hspi1                                    0x200003a4   Data          88  spi.o(.bss)
    htim2                                    0x200003fc   Data          72  tim.o(.bss)
    htim10                                   0x20000444   Data          72  tim.o(.bss)
    huart3                                   0x2000048c   Data          72  usart.o(.bss)
    huart6                                   0x200004d4   Data          72  usart.o(.bss)
    hdma_usart3_rx                           0x2000051c   Data          96  usart.o(.bss)
    hdma_usart6_tx                           0x2000057c   Data          96  usart.o(.bss)
    gyro                                     0x200005dc   Data          12  imu.o(.bss)
    accel                                    0x200005e8   Data          12  imu.o(.bss)
    imu_data                                 0x200005f4   Data          24  imu.o(.bss)
    imu_Angle                                0x2000060c   Data          12  imu.o(.bss)
    imu_offset                               0x20000618   Data          24  imu.o(.bss)
    send_buf                                 0x20000630   Data         128  vofa.o(.bss)
    gimbal_control                           0x200006b0   Data         333  gimbal.o(.bss)
    gimbal_yaw_speed_pid                     0x20000800   Data          52  pid.o(.bss)
    gimbal_yaw_angle_pid                     0x20000834   Data          52  pid.o(.bss)
    motor_chassis                            0x20000868   Data          49  can_receive.o(.bss)
    rx_header                                0x2000089c   Data          28  can_receive.o(.bss)
    rc_ctrl                                  0x200008e8   Data          32  remote_control.o(.bss)
    __libspace_start                         0x20004640   Data          96  libspace.o(.bss)
    __temporary_stack_top$libspace           0x200046a0   Data           0  libspace.o(.bss)



==============================================================================

Memory Map of the image

  Image Entry point : 0x08000189

  Load Region LR_IROM1 (Base: 0x08000000, Size: 0x00007c64, Max: 0x00100000, ABSOLUTE)

    Execution Region ER_IROM1 (Exec base: 0x08000000, Load base: 0x08000000, Size: 0x00007b3c, Max: 0x00100000, ABSOLUTE)

    Exec Addr    Load Addr    Size         Type   Attr      Idx    E Section Name        Object

    0x08000000   0x08000000   0x00000188   Data   RO            3    RESET               startup_stm32f407xx.o
    0x08000188   0x08000188   0x00000008   Code   RO         5859  * !!!main             c_w.l(__main.o)
    0x08000190   0x08000190   0x00000034   Code   RO         6145    !!!scatter          c_w.l(__scatter.o)
    0x080001c4   0x080001c4   0x0000001a   Code   RO         6147    !!handler_copy      c_w.l(__scatter_copy.o)
    0x080001de   0x080001de   0x00000002   PAD
    0x080001e0   0x080001e0   0x0000001c   Code   RO         6149    !!handler_zi        c_w.l(__scatter_zi.o)
    0x080001fc   0x080001fc   0x00000002   Code   RO         6016    .ARM.Collect$$libinit$$00000000  c_w.l(libinit.o)
    0x080001fe   0x080001fe   0x00000004   Code   RO         6027    .ARM.Collect$$libinit$$00000001  c_w.l(libinit2.o)
    0x08000202   0x08000202   0x00000000   Code   RO         6030    .ARM.Collect$$libinit$$00000004  c_w.l(libinit2.o)
    0x08000202   0x08000202   0x00000000   Code   RO         6033    .ARM.Collect$$libinit$$0000000A  c_w.l(libinit2.o)
    0x08000202   0x08000202   0x00000000   Code   RO         6035    .ARM.Collect$$libinit$$0000000C  c_w.l(libinit2.o)
    0x08000202   0x08000202   0x00000000   Code   RO         6037    .ARM.Collect$$libinit$$0000000E  c_w.l(libinit2.o)
    0x08000202   0x08000202   0x00000000   Code   RO         6040    .ARM.Collect$$libinit$$00000011  c_w.l(libinit2.o)
    0x08000202   0x08000202   0x00000000   Code   RO         6042    .ARM.Collect$$libinit$$00000013  c_w.l(libinit2.o)
    0x08000202   0x08000202   0x00000000   Code   RO         6044    .ARM.Collect$$libinit$$00000015  c_w.l(libinit2.o)
    0x08000202   0x08000202   0x00000000   Code   RO         6046    .ARM.Collect$$libinit$$00000017  c_w.l(libinit2.o)
    0x08000202   0x08000202   0x00000000   Code   RO         6048    .ARM.Collect$$libinit$$00000019  c_w.l(libinit2.o)
    0x08000202   0x08000202   0x00000000   Code   RO         6050    .ARM.Collect$$libinit$$0000001B  c_w.l(libinit2.o)
    0x08000202   0x08000202   0x00000000   Code   RO         6052    .ARM.Collect$$libinit$$0000001D  c_w.l(libinit2.o)
    0x08000202   0x08000202   0x00000000   Code   RO         6054    .ARM.Collect$$libinit$$0000001F  c_w.l(libinit2.o)
    0x08000202   0x08000202   0x00000000   Code   RO         6056    .ARM.Collect$$libinit$$00000021  c_w.l(libinit2.o)
    0x08000202   0x08000202   0x00000000   Code   RO         6058    .ARM.Collect$$libinit$$00000023  c_w.l(libinit2.o)
    0x08000202   0x08000202   0x00000000   Code   RO         6060    .ARM.Collect$$libinit$$00000025  c_w.l(libinit2.o)
    0x08000202   0x08000202   0x00000000   Code   RO         6064    .ARM.Collect$$libinit$$0000002C  c_w.l(libinit2.o)
    0x08000202   0x08000202   0x00000000   Code   RO         6066    .ARM.Collect$$libinit$$0000002E  c_w.l(libinit2.o)
    0x08000202   0x08000202   0x00000000   Code   RO         6068    .ARM.Collect$$libinit$$00000030  c_w.l(libinit2.o)
    0x08000202   0x08000202   0x00000000   Code   RO         6070    .ARM.Collect$$libinit$$00000032  c_w.l(libinit2.o)
    0x08000202   0x08000202   0x00000002   Code   RO         6071    .ARM.Collect$$libinit$$00000033  c_w.l(libinit2.o)
    0x08000204   0x08000204   0x00000002   Code   RO         6102    .ARM.Collect$$libshutdown$$00000000  c_w.l(libshutdown.o)
    0x08000206   0x08000206   0x00000000   Code   RO         6128    .ARM.Collect$$libshutdown$$00000002  c_w.l(libshutdown2.o)
    0x08000206   0x08000206   0x00000000   Code   RO         6130    .ARM.Collect$$libshutdown$$00000004  c_w.l(libshutdown2.o)
    0x08000206   0x08000206   0x00000000   Code   RO         6133    .ARM.Collect$$libshutdown$$00000007  c_w.l(libshutdown2.o)
    0x08000206   0x08000206   0x00000000   Code   RO         6136    .ARM.Collect$$libshutdown$$0000000A  c_w.l(libshutdown2.o)
    0x08000206   0x08000206   0x00000000   Code   RO         6138    .ARM.Collect$$libshutdown$$0000000C  c_w.l(libshutdown2.o)
    0x08000206   0x08000206   0x00000000   Code   RO         6141    .ARM.Collect$$libshutdown$$0000000F  c_w.l(libshutdown2.o)
    0x08000206   0x08000206   0x00000002   Code   RO         6142    .ARM.Collect$$libshutdown$$00000010  c_w.l(libshutdown2.o)
    0x08000208   0x08000208   0x00000000   Code   RO         5905    .ARM.Collect$$rtentry$$00000000  c_w.l(__rtentry.o)
    0x08000208   0x08000208   0x00000000   Code   RO         5975    .ARM.Collect$$rtentry$$00000002  c_w.l(__rtentry2.o)
    0x08000208   0x08000208   0x00000006   Code   RO         5987    .ARM.Collect$$rtentry$$00000004  c_w.l(__rtentry4.o)
    0x0800020e   0x0800020e   0x00000000   Code   RO         5977    .ARM.Collect$$rtentry$$00000009  c_w.l(__rtentry2.o)
    0x0800020e   0x0800020e   0x00000004   Code   RO         5978    .ARM.Collect$$rtentry$$0000000A  c_w.l(__rtentry2.o)
    0x08000212   0x08000212   0x00000000   Code   RO         5980    .ARM.Collect$$rtentry$$0000000C  c_w.l(__rtentry2.o)
    0x08000212   0x08000212   0x00000008   Code   RO         5981    .ARM.Collect$$rtentry$$0000000D  c_w.l(__rtentry2.o)
    0x0800021a   0x0800021a   0x00000002   Code   RO         6019    .ARM.Collect$$rtexit$$00000000  c_w.l(rtexit.o)
    0x0800021c   0x0800021c   0x00000000   Code   RO         6075    .ARM.Collect$$rtexit$$00000002  c_w.l(rtexit2.o)
    0x0800021c   0x0800021c   0x00000004   Code   RO         6076    .ARM.Collect$$rtexit$$00000003  c_w.l(rtexit2.o)
    0x08000220   0x08000220   0x00000006   Code   RO         6077    .ARM.Collect$$rtexit$$00000004  c_w.l(rtexit2.o)
    0x08000226   0x08000226   0x00000002   PAD
    0x08000228   0x08000228   0x000000be   Code   RO         5768    .emb_text           port.o
    0x080002e6   0x080002e6   0x00000002   PAD
    0x080002e8   0x080002e8   0x00000040   Code   RO            4    .text               startup_stm32f407xx.o
    0x08000328   0x08000328   0x000000ee   Code   RO         5847    .text               c_w.l(lludivv7m.o)
    0x08000416   0x08000416   0x00000064   Code   RO         5851    .text               c_w.l(rt_memcpy_w.o)
    0x0800047a   0x0800047a   0x0000004e   Code   RO         5855    .text               c_w.l(rt_memclr_w.o)
    0x080004c8   0x080004c8   0x00000006   Code   RO         5857    .text               c_w.l(heapauxi.o)
    0x080004ce   0x080004ce   0x00000016   Code   RO         5910    .text               c_w.l(_rserrno.o)
    0x080004e4   0x080004e4   0x00000008   Code   RO         5994    .text               c_w.l(rt_errno_addr_intlibspace.o)
    0x080004ec   0x080004ec   0x00000008   Code   RO         6000    .text               c_w.l(libspace.o)
    0x080004f4   0x080004f4   0x0000004a   Code   RO         6003    .text               c_w.l(sys_stackheap_outer.o)
    0x0800053e   0x0800053e   0x00000012   Code   RO         6005    .text               c_w.l(exit.o)
    0x08000550   0x08000550   0x0000000c   Code   RO         6072    .text               c_w.l(sys_exit.o)
    0x0800055c   0x0800055c   0x00000002   Code   RO         6091    .text               c_w.l(use_no_semi.o)
    0x0800055e   0x0800055e   0x00000000   Code   RO         6093    .text               c_w.l(indicate_semi.o)
    0x0800055e   0x0800055e   0x00000002   PAD
    0x08000560   0x08000560   0x00000014   Code   RO         3976    i.BMI088_ACCEL_NS_H  bmi088middleware.o
    0x08000574   0x08000574   0x00000014   Code   RO         3977    i.BMI088_ACCEL_NS_L  bmi088middleware.o
    0x08000588   0x08000588   0x00000002   Code   RO         3978    i.BMI088_GPIO_init  bmi088middleware.o
    0x0800058a   0x0800058a   0x00000002   PAD
    0x0800058c   0x0800058c   0x00000014   Code   RO         3979    i.BMI088_GYRO_NS_H  bmi088middleware.o
    0x080005a0   0x080005a0   0x00000014   Code   RO         3980    i.BMI088_GYRO_NS_L  bmi088middleware.o
    0x080005b4   0x080005b4   0x00000002   Code   RO         3981    i.BMI088_com_init   bmi088middleware.o
    0x080005b6   0x080005b6   0x0000001a   Code   RO         3982    i.BMI088_delay_ms   bmi088middleware.o
    0x080005d0   0x080005d0   0x0000004a   Code   RO         3983    i.BMI088_delay_us   bmi088middleware.o
    0x0800061a   0x0800061a   0x0000001c   Code   RO         3838    i.BMI088_init       bmi088driver.o
    0x08000636   0x08000636   0x00000002   PAD
    0x08000638   0x08000638   0x0000017c   Code   RO         3839    i.BMI088_read       bmi088driver.o
    0x080007b4   0x080007b4   0x00000026   Code   RO         3840    i.BMI088_read_muli_reg  bmi088driver.o
    0x080007da   0x080007da   0x00000018   Code   RO         3841    i.BMI088_read_single_reg  bmi088driver.o
    0x080007f2   0x080007f2   0x00000002   PAD
    0x080007f4   0x080007f4   0x00000020   Code   RO         3984    i.BMI088_read_write_byte  bmi088middleware.o
    0x08000814   0x08000814   0x00000014   Code   RO         3842    i.BMI088_write_single_reg  bmi088driver.o
    0x08000828   0x08000828   0x00000004   Code   RO          558    i.BusFault_Handler  stm32f4xx_it.o
    0x0800082c   0x0800082c   0x00000010   Code   RO          559    i.CAN1_RX0_IRQHandler  stm32f4xx_it.o
    0x0800083c   0x0800083c   0x00000010   Code   RO          560    i.CAN1_RX1_IRQHandler  stm32f4xx_it.o
    0x0800084c   0x0800084c   0x00000010   Code   RO          561    i.CAN1_TX_IRQHandler  stm32f4xx_it.o
    0x0800085c   0x0800085c   0x00000050   Code   RO         4366    i.CAN_cmd_chassis   can_receive.o
    0x080008ac   0x080008ac   0x00000024   Code   RO         4369    i.Can_Send          can_receive.o
    0x080008d0   0x080008d0   0x00000010   Code   RO          562    i.DMA1_Stream1_IRQHandler  stm32f4xx_it.o
    0x080008e0   0x080008e0   0x00000010   Code   RO          563    i.DMA2_Stream6_IRQHandler  stm32f4xx_it.o
    0x080008f0   0x080008f0   0x00000034   Code   RO         1426    i.DMA_CalcBaseAndBitshift  stm32f4xx_hal_dma.o
    0x08000924   0x08000924   0x000000aa   Code   RO         1427    i.DMA_CheckFifoParam  stm32f4xx_hal_dma.o
    0x080009ce   0x080009ce   0x00000002   Code   RO          564    i.DebugMon_Handler  stm32f4xx_it.o
    0x080009d0   0x080009d0   0x00000006   Code   RO           13    i.Error_Handler     main.o
    0x080009d6   0x080009d6   0x00000002   PAD
    0x080009d8   0x080009d8   0x00000028   Code   RO         4172    i.Gimbal_task       gimbal.o
    0x08000a00   0x08000a00   0x0000002a   Code   RO          689    i.HAL_CAN_ActivateNotification  stm32f4xx_hal_can.o
    0x08000a2a   0x08000a2a   0x0000014a   Code   RO          690    i.HAL_CAN_AddTxMessage  stm32f4xx_hal_can.o
    0x08000b74   0x08000b74   0x00000120   Code   RO          691    i.HAL_CAN_ConfigFilter  stm32f4xx_hal_can.o
    0x08000c94   0x08000c94   0x00000002   Code   RO          694    i.HAL_CAN_ErrorCallback  stm32f4xx_hal_can.o
    0x08000c96   0x08000c96   0x00000194   Code   RO          697    i.HAL_CAN_GetRxMessage  stm32f4xx_hal_can.o
    0x08000e2a   0x08000e2a   0x0000024e   Code   RO          701    i.HAL_CAN_IRQHandler  stm32f4xx_hal_can.o
    0x08001078   0x08001078   0x00000174   Code   RO          702    i.HAL_CAN_Init      stm32f4xx_hal_can.o
    0x080011ec   0x080011ec   0x000000b8   Code   RO          349    i.HAL_CAN_MspInit   can.o
    0x080012a4   0x080012a4   0x00000002   Code   RO          709    i.HAL_CAN_RxFifo0FullCallback  stm32f4xx_hal_can.o
    0x080012a6   0x080012a6   0x00000002   PAD
    0x080012a8   0x080012a8   0x00000078   Code   RO         4370    i.HAL_CAN_RxFifo0MsgPendingCallback  can_receive.o
    0x08001320   0x08001320   0x00000002   Code   RO          711    i.HAL_CAN_RxFifo1FullCallback  stm32f4xx_hal_can.o
    0x08001322   0x08001322   0x00000002   Code   RO          712    i.HAL_CAN_RxFifo1MsgPendingCallback  stm32f4xx_hal_can.o
    0x08001324   0x08001324   0x00000002   Code   RO          713    i.HAL_CAN_SleepCallback  stm32f4xx_hal_can.o
    0x08001326   0x08001326   0x0000005e   Code   RO          714    i.HAL_CAN_Start     stm32f4xx_hal_can.o
    0x08001384   0x08001384   0x00000002   Code   RO          716    i.HAL_CAN_TxMailbox0AbortCallback  stm32f4xx_hal_can.o
    0x08001386   0x08001386   0x00000002   Code   RO          717    i.HAL_CAN_TxMailbox0CompleteCallback  stm32f4xx_hal_can.o
    0x08001388   0x08001388   0x00000002   Code   RO          718    i.HAL_CAN_TxMailbox1AbortCallback  stm32f4xx_hal_can.o
    0x0800138a   0x0800138a   0x00000002   Code   RO          719    i.HAL_CAN_TxMailbox1CompleteCallback  stm32f4xx_hal_can.o
    0x0800138c   0x0800138c   0x00000002   Code   RO          720    i.HAL_CAN_TxMailbox2AbortCallback  stm32f4xx_hal_can.o
    0x0800138e   0x0800138e   0x00000002   Code   RO          721    i.HAL_CAN_TxMailbox2CompleteCallback  stm32f4xx_hal_can.o
    0x08001390   0x08001390   0x00000002   Code   RO          723    i.HAL_CAN_WakeUpFromRxMsgCallback  stm32f4xx_hal_can.o
    0x08001392   0x08001392   0x000000ac   Code   RO         1429    i.HAL_DMA_Abort     stm32f4xx_hal_dma.o
    0x0800143e   0x0800143e   0x00000028   Code   RO         1430    i.HAL_DMA_Abort_IT  stm32f4xx_hal_dma.o
    0x08001466   0x08001466   0x00000002   PAD
    0x08001468   0x08001468   0x00000240   Code   RO         1434    i.HAL_DMA_IRQHandler  stm32f4xx_hal_dma.o
    0x080016a8   0x080016a8   0x000000ec   Code   RO         1435    i.HAL_DMA_Init      stm32f4xx_hal_dma.o
    0x08001794   0x08001794   0x000001f4   Code   RO         1322    i.HAL_GPIO_Init     stm32f4xx_hal_gpio.o
    0x08001988   0x08001988   0x0000000c   Code   RO         1326    i.HAL_GPIO_WritePin  stm32f4xx_hal_gpio.o
    0x08001994   0x08001994   0x0000000c   Code   RO         1877    i.HAL_GetTick       stm32f4xx_hal.o
    0x080019a0   0x080019a0   0x00000018   Code   RO         1883    i.HAL_IncTick       stm32f4xx_hal.o
    0x080019b8   0x080019b8   0x0000003c   Code   RO         1884    i.HAL_Init          stm32f4xx_hal.o
    0x080019f4   0x080019f4   0x0000004c   Code   RO         1885    i.HAL_InitTick      stm32f4xx_hal.o
    0x08001a40   0x08001a40   0x00000054   Code   RO          664    i.HAL_MspInit       stm32f4xx_hal_msp.o
    0x08001a94   0x08001a94   0x00000028   Code   RO         1714    i.HAL_NVIC_EnableIRQ  stm32f4xx_hal_cortex.o
    0x08001abc   0x08001abc   0x0000007c   Code   RO         1720    i.HAL_NVIC_SetPriority  stm32f4xx_hal_cortex.o
    0x08001b38   0x08001b38   0x00000028   Code   RO         1721    i.HAL_NVIC_SetPriorityGrouping  stm32f4xx_hal_cortex.o
    0x08001b60   0x08001b60   0x00000184   Code   RO          923    i.HAL_RCC_ClockConfig  stm32f4xx_hal_rcc.o
    0x08001ce4   0x08001ce4   0x0000000c   Code   RO          928    i.HAL_RCC_GetHCLKFreq  stm32f4xx_hal_rcc.o
    0x08001cf0   0x08001cf0   0x00000020   Code   RO          930    i.HAL_RCC_GetPCLK1Freq  stm32f4xx_hal_rcc.o
    0x08001d10   0x08001d10   0x00000020   Code   RO          931    i.HAL_RCC_GetPCLK2Freq  stm32f4xx_hal_rcc.o
    0x08001d30   0x08001d30   0x000000b0   Code   RO          932    i.HAL_RCC_GetSysClockFreq  stm32f4xx_hal_rcc.o
    0x08001de0   0x08001de0   0x0000049c   Code   RO          935    i.HAL_RCC_OscConfig  stm32f4xx_hal_rcc.o
    0x0800227c   0x0800227c   0x000000c8   Code   RO         2133    i.HAL_SPI_Init      stm32f4xx_hal_spi.o
    0x08002344   0x08002344   0x000000c4   Code   RO          415    i.HAL_SPI_MspInit   spi.o
    0x08002408   0x08002408   0x00000248   Code   RO         2142    i.HAL_SPI_TransmitReceive  stm32f4xx_hal_spi.o
    0x08002650   0x08002650   0x00000034   Code   RO         1725    i.HAL_SYSTICK_Config  stm32f4xx_hal_cortex.o
    0x08002684   0x08002684   0x00000002   Code   RO         3161    i.HAL_TIMEx_BreakCallback  stm32f4xx_hal_tim_ex.o
    0x08002686   0x08002686   0x00000002   Code   RO         3162    i.HAL_TIMEx_CommutCallback  stm32f4xx_hal_tim_ex.o
    0x08002688   0x08002688   0x000000b4   Code   RO         3180    i.HAL_TIMEx_MasterConfigSynchronization  stm32f4xx_hal_tim_ex.o
    0x0800273c   0x0800273c   0x00000066   Code   RO         2446    i.HAL_TIM_Base_Init  stm32f4xx_hal_tim.o
    0x080027a2   0x080027a2   0x00000002   PAD
    0x080027a4   0x080027a4   0x00000074   Code   RO          457    i.HAL_TIM_Base_MspInit  tim.o
    0x08002818   0x08002818   0x000000a8   Code   RO         2451    i.HAL_TIM_Base_Start_IT  stm32f4xx_hal_tim.o
    0x080028c0   0x080028c0   0x0000010c   Code   RO         2455    i.HAL_TIM_ConfigClockSource  stm32f4xx_hal_tim.o
    0x080029cc   0x080029cc   0x00000002   Code   RO         2480    i.HAL_TIM_IC_CaptureCallback  stm32f4xx_hal_tim.o
    0x080029ce   0x080029ce   0x0000016c   Code   RO         2494    i.HAL_TIM_IRQHandler  stm32f4xx_hal_tim.o
    0x08002b3a   0x08002b3a   0x00000002   PAD
    0x08002b3c   0x08002b3c   0x00000060   Code   RO          458    i.HAL_TIM_MspPostInit  tim.o
    0x08002b9c   0x08002b9c   0x00000002   Code   RO         2497    i.HAL_TIM_OC_DelayElapsedCallback  stm32f4xx_hal_tim.o
    0x08002b9e   0x08002b9e   0x00000104   Code   RO         2518    i.HAL_TIM_PWM_ConfigChannel  stm32f4xx_hal_tim.o
    0x08002ca2   0x08002ca2   0x00000066   Code   RO         2521    i.HAL_TIM_PWM_Init  stm32f4xx_hal_tim.o
    0x08002d08   0x08002d08   0x00000002   Code   RO         2523    i.HAL_TIM_PWM_MspInit  stm32f4xx_hal_tim.o
    0x08002d0a   0x08002d0a   0x00000002   Code   RO         2524    i.HAL_TIM_PWM_PulseFinishedCallback  stm32f4xx_hal_tim.o
    0x08002d0c   0x08002d0c   0x00000020   Code   RO           14    i.HAL_TIM_PeriodElapsedCallback  main.o
    0x08002d2c   0x08002d2c   0x00000002   Code   RO         2537    i.HAL_TIM_TriggerCallback  stm32f4xx_hal_tim.o
    0x08002d2e   0x08002d2e   0x00000002   Code   RO         3440    i.HAL_UARTEx_RxEventCallback  stm32f4xx_hal_uart.o
    0x08002d30   0x08002d30   0x00000002   Code   RO         3454    i.HAL_UART_ErrorCallback  stm32f4xx_hal_uart.o
    0x08002d32   0x08002d32   0x00000002   PAD
    0x08002d34   0x08002d34   0x00000308   Code   RO         3457    i.HAL_UART_IRQHandler  stm32f4xx_hal_uart.o
    0x0800303c   0x0800303c   0x00000076   Code   RO         3458    i.HAL_UART_Init     stm32f4xx_hal_uart.o
    0x080030b2   0x080030b2   0x00000002   PAD
    0x080030b4   0x080030b4   0x000001a8   Code   RO          511    i.HAL_UART_MspInit  usart.o
    0x0800325c   0x0800325c   0x00000002   Code   RO         3464    i.HAL_UART_RxCpltCallback  stm32f4xx_hal_uart.o
    0x0800325e   0x0800325e   0x000000be   Code   RO         3466    i.HAL_UART_Transmit  stm32f4xx_hal_uart.o
    0x0800331c   0x0800331c   0x00000002   Code   RO         3469    i.HAL_UART_TxCpltCallback  stm32f4xx_hal_uart.o
    0x0800331e   0x0800331e   0x00000004   Code   RO          565    i.HardFault_Handler  stm32f4xx_it.o
    0x08003322   0x08003322   0x00000002   PAD
    0x08003324   0x08003324   0x00000234   Code   RO         4049    i.IMU_AHRSupdate    imu.o
    0x08003558   0x08003558   0x000000b4   Code   RO         4050    i.IMU_Calibration   imu.o
    0x0800360c   0x0800360c   0x000000f4   Code   RO         4051    i.IMU_GetValues     imu.o
    0x08003700   0x08003700   0x00000194   Code   RO         4052    i.IMU_Offset        imu.o
    0x08003894   0x08003894   0x000001c4   Code   RO         4053    i.IMU_getEuleranAngles  imu.o
    0x08003a58   0x08003a58   0x00000044   Code   RO          350    i.MX_CAN1_Init      can.o
    0x08003a9c   0x08003a9c   0x00000068   Code   RO          390    i.MX_DMA_Init       dma.o
    0x08003b04   0x08003b04   0x00000060   Code   RO          290    i.MX_FREERTOS_Init  freertos.o
    0x08003b64   0x08003b64   0x00000148   Code   RO          266    i.MX_GPIO_Init      gpio.o
    0x08003cac   0x08003cac   0x00000048   Code   RO          416    i.MX_SPI1_Init      spi.o
    0x08003cf4   0x08003cf4   0x0000006c   Code   RO          459    i.MX_TIM10_Init     tim.o
    0x08003d60   0x08003d60   0x0000006c   Code   RO          460    i.MX_TIM2_Init      tim.o
    0x08003dcc   0x08003dcc   0x0000003c   Code   RO          512    i.MX_USART3_UART_Init  usart.o
    0x08003e08   0x08003e08   0x00000038   Code   RO          513    i.MX_USART6_UART_Init  usart.o
    0x08003e40   0x08003e40   0x00000004   Code   RO          566    i.MemManage_Handler  stm32f4xx_it.o
    0x08003e44   0x08003e44   0x0000001a   Code   RO         4308    i.MotorSetTar       motor.o
    0x08003e5e   0x08003e5e   0x00000004   Code   RO          567    i.NMI_Handler       stm32f4xx_it.o
    0x08003e62   0x08003e62   0x00000002   PAD
    0x08003e64   0x08003e64   0x0000009c   Code   RO         4505    i.RC_init           bsp_rc.o
    0x08003f00   0x08003f00   0x00000088   Code   RO         2171    i.SPI_EndRxTxTransaction  stm32f4xx_hal_spi.o
    0x08003f88   0x08003f88   0x000000d8   Code   RO         2176    i.SPI_WaitFlagStateUntilTimeout  stm32f4xx_hal_spi.o
    0x08004060   0x08004060   0x0000000a   Code   RO          291    i.StartDefaultTask  freertos.o
    0x0800406a   0x0800406a   0x00000014   Code   RO          568    i.SysTick_Handler   stm32f4xx_it.o
    0x0800407e   0x0800407e   0x00000002   PAD
    0x08004080   0x08004080   0x000000b4   Code   RO           15    i.SystemClock_Config  main.o
    0x08004134   0x08004134   0x00000014   Code   RO         3802    i.SystemInit        system_stm32f4xx.o
    0x08004148   0x08004148   0x00000010   Code   RO          569    i.TIM2_IRQHandler   stm32f4xx_it.o
    0x08004158   0x08004158   0x000000e0   Code   RO         2539    i.TIM_Base_SetConfig  stm32f4xx_hal_tim.o
    0x08004238   0x08004238   0x00000016   Code   RO         2550    i.TIM_ETR_SetConfig  stm32f4xx_hal_tim.o
    0x0800424e   0x0800424e   0x00000012   Code   RO         2551    i.TIM_ITRx_SetConfig  stm32f4xx_hal_tim.o
    0x08004260   0x08004260   0x00000070   Code   RO         2552    i.TIM_OC1_SetConfig  stm32f4xx_hal_tim.o
    0x080042d0   0x080042d0   0x0000007c   Code   RO         2553    i.TIM_OC2_SetConfig  stm32f4xx_hal_tim.o
    0x0800434c   0x0800434c   0x00000078   Code   RO         2554    i.TIM_OC3_SetConfig  stm32f4xx_hal_tim.o
    0x080043c4   0x080043c4   0x00000054   Code   RO         2555    i.TIM_OC4_SetConfig  stm32f4xx_hal_tim.o
    0x08004418   0x08004418   0x00000026   Code   RO         2557    i.TIM_TI1_ConfigInputStage  stm32f4xx_hal_tim.o
    0x0800443e   0x0800443e   0x00000028   Code   RO         2559    i.TIM_TI2_ConfigInputStage  stm32f4xx_hal_tim.o
    0x08004466   0x08004466   0x00000012   Code   RO         3471    i.UART_DMAAbortOnError  stm32f4xx_hal_uart.o
    0x08004478   0x08004478   0x0000006c   Code   RO         3481    i.UART_EndRxTransfer  stm32f4xx_hal_uart.o
    0x080044e4   0x080044e4   0x00000020   Code   RO         3482    i.UART_EndTransmit_IT  stm32f4xx_hal_uart.o
    0x08004504   0x08004504   0x000000fc   Code   RO         3484    i.UART_Receive_IT   stm32f4xx_hal_uart.o
    0x08004600   0x08004600   0x0000022c   Code   RO         3485    i.UART_SetConfig    stm32f4xx_hal_uart.o
    0x0800482c   0x0800482c   0x00000060   Code   RO         3488    i.UART_Transmit_IT  stm32f4xx_hal_uart.o
    0x0800488c   0x0800488c   0x0000008c   Code   RO         3489    i.UART_WaitOnFlagUntilTimeout  stm32f4xx_hal_uart.o
    0x08004918   0x08004918   0x00000114   Code   RO         4428    i.USART3_IRQHandler  remote_control.o
    0x08004a2c   0x08004a2c   0x00000010   Code   RO          570    i.USART6_IRQHandler  stm32f4xx_it.o
    0x08004a3c   0x08004a3c   0x00000004   Code   RO          571    i.UsageFault_Handler  stm32f4xx_it.o
    0x08004a40   0x08004a40   0x0000005c   Code   RO         4117    i.VOFA_Send_Data    vofa.o
    0x08004a9c   0x08004a9c   0x00000064   Code   RO         4118    i.VOFA_Send_Frametail  vofa.o
    0x08004b00   0x08004b00   0x00000016   Code   RO         4119    i.VOFA_Transmit     vofa.o
    0x08004b16   0x08004b16   0x00000030   Code   RO         5957    i.__ARM_fpclassify  m_wm.l(fpclassify.o)
    0x08004b46   0x08004b46   0x00000002   PAD
    0x08004b48   0x08004b48   0x00000010   Code   RO         1727    i.__NVIC_GetPriorityGrouping  stm32f4xx_hal_cortex.o
    0x08004b58   0x08004b58   0x00000028   Code   RO         1728    i.__NVIC_SetPriority  stm32f4xx_hal_cortex.o
    0x08004b80   0x08004b80   0x00000360   Code   RO         5873    i.__hardfp_asin     m_wm.l(asin.o)
    0x08004ee0   0x08004ee0   0x000002d8   Code   RO         5929    i.__hardfp_atan     m_wm.l(atan.o)
    0x080051b8   0x080051b8   0x000001f0   Code   RO         5887    i.__hardfp_atan2    m_wm.l(atan2.o)
    0x080053a8   0x080053a8   0x00000014   Code   RO         5899    i.__hardfp_fabs     m_wm.l(fabs.o)
    0x080053bc   0x080053bc   0x000000f8   Code   RO         5959    i.__kernel_poly     m_wm.l(poly.o)
    0x080054b4   0x080054b4   0x00000014   Code   RO         5944    i.__mathlib_dbl_infnan  m_wm.l(dunder.o)
    0x080054c8   0x080054c8   0x00000014   Code   RO         5945    i.__mathlib_dbl_infnan2  m_wm.l(dunder.o)
    0x080054dc   0x080054dc   0x00000004   PAD
    0x080054e0   0x080054e0   0x00000020   Code   RO         5946    i.__mathlib_dbl_invalid  m_wm.l(dunder.o)
    0x08005500   0x08005500   0x00000020   Code   RO         5949    i.__mathlib_dbl_underflow  m_wm.l(dunder.o)
    0x08005520   0x08005520   0x00000010   Code   RO         5931    i.atan              m_wm.l(atan.o)
    0x08005530   0x08005530   0x00000128   Code   RO         3843    i.bmi088_accel_init  bmi088driver.o
    0x08005658   0x08005658   0x000000f4   Code   RO         3844    i.bmi088_gyro_init  bmi088driver.o
    0x0800574c   0x0800574c   0x0000003c   Code   RO         4338    i.can_filter_init   bsp_can.o
    0x08005788   0x08005788   0x00000018   Code   RO         5901    i.fabs              m_wm.l(fabs.o)
    0x080057a0   0x080057a0   0x0000003c   Code   RO         4054    i.fast_sqrt         imu.o
    0x080057dc   0x080057dc   0x00000028   Code   RO         4371    i.get_motor_measure  can_receive.o
    0x08005804   0x08005804   0x00000008   Code   RO         4429    i.get_remote_control_point  remote_control.o
    0x0800580c   0x0800580c   0x00000058   Code   RO         4251    i.gimbal_PID_init   pid.o
    0x08005864   0x08005864   0x0000013e   Code   RO         4173    i.gimbal_angle_limit  gimbal.o
    0x080059a2   0x080059a2   0x00000002   PAD
    0x080059a4   0x080059a4   0x00000054   Code   RO         4174    i.gimbal_detact_calibration  gimbal.o
    0x080059f8   0x080059f8   0x00000224   Code   RO         4175    i.gimbal_feedback_update  gimbal.o
    0x08005c1c   0x08005c1c   0x00000080   Code   RO           16    i.main              main.o
    0x08005c9c   0x08005c9c   0x0000000e   Code   RO         5334    i.makeFreeRtosPriority  cmsis_os.o
    0x08005caa   0x08005caa   0x00000002   PAD
    0x08005cac   0x08005cac   0x00000034   Code   RO         4176    i.motor_ecd_to_angle_change  gimbal.o
    0x08005ce0   0x08005ce0   0x00000018   Code   RO         5336    i.osDelay           cmsis_os.o
    0x08005cf8   0x08005cf8   0x0000000a   Code   RO         5339    i.osKernelStart     cmsis_os.o
    0x08005d02   0x08005d02   0x0000005e   Code   RO         5373    i.osThreadCreate    cmsis_os.o
    0x08005d60   0x08005d60   0x00000016   Code   RO         4254    i.pid_init          pid.o
    0x08005d76   0x08005d76   0x00000002   PAD
    0x08005d78   0x08005d78   0x00000098   Code   RO         5005    i.prvAddCurrentTaskToDelayedList  tasks.o
    0x08005e10   0x08005e10   0x000000b4   Code   RO         5006    i.prvAddNewTaskToReadyList  tasks.o
    0x08005ec4   0x08005ec4   0x00000048   Code   RO         5007    i.prvCheckTasksWaitingTermination  tasks.o
    0x08005f0c   0x08005f0c   0x00000050   Code   RO         5008    i.prvDeleteTCB      tasks.o
    0x08005f5c   0x08005f5c   0x0000007c   Code   RO         5701    i.prvHeapInit       heap_4.o
    0x08005fd8   0x08005fd8   0x00000028   Code   RO         5009    i.prvIdleTask       tasks.o
    0x08006000   0x08006000   0x000000b4   Code   RO         5010    i.prvInitialiseNewTask  tasks.o
    0x080060b4   0x080060b4   0x00000068   Code   RO         5011    i.prvInitialiseTaskLists  tasks.o
    0x0800611c   0x0800611c   0x00000068   Code   RO         5702    i.prvInsertBlockIntoFreeList  heap_4.o
    0x08006184   0x08006184   0x00000034   Code   RO         5012    i.prvResetNextTaskUnblockTime  tasks.o
    0x080061b8   0x080061b8   0x00000040   Code   RO         5769    i.prvTaskExitError  port.o
    0x080061f8   0x080061f8   0x0000014c   Code   RO         5703    i.pvPortMalloc      heap_4.o
    0x08006344   0x08006344   0x0000002c   Code   RO         5770    i.pxPortInitialiseStack  port.o
    0x08006370   0x08006370   0x00000014   Code   RO         4430    i.remote_control_init  remote_control.o
    0x08006384   0x08006384   0x000001a4   Code   RO         4431    i.sbus_to_rc        remote_control.o
    0x08006528   0x08006528   0x0000006e   Code   RO         5964    i.sqrt              m_wm.l(sqrt.o)
    0x08006596   0x08006596   0x00000028   Code   RO         4631    i.uxListRemove      list.o
    0x080065be   0x080065be   0x00000002   PAD
    0x080065c0   0x080065c0   0x00000018   Code   RO          292    i.vApplicationGetIdleTaskMemory  freertos.o
    0x080065d8   0x080065d8   0x0000001a   Code   RO         4632    i.vListInitialise   list.o
    0x080065f2   0x080065f2   0x00000006   Code   RO         4633    i.vListInitialiseItem  list.o
    0x080065f8   0x080065f8   0x00000034   Code   RO         4634    i.vListInsert       list.o
    0x0800662c   0x0800662c   0x00000018   Code   RO         4635    i.vListInsertEnd    list.o
    0x08006644   0x08006644   0x00000054   Code   RO         5772    i.vPortEnterCritical  port.o
    0x08006698   0x08006698   0x0000003c   Code   RO         5773    i.vPortExitCritical  port.o
    0x080066d4   0x080066d4   0x000000a4   Code   RO         5704    i.vPortFree         heap_4.o
    0x08006778   0x08006778   0x00000028   Code   RO         5774    i.vPortSetupTimerInterrupt  port.o
    0x080067a0   0x080067a0   0x0000005c   Code   RO         5021    i.vTaskDelay        tasks.o
    0x080067fc   0x080067fc   0x000000b0   Code   RO         5034    i.vTaskStartScheduler  tasks.o
    0x080068ac   0x080068ac   0x00000010   Code   RO         5036    i.vTaskSuspendAll   tasks.o
    0x080068bc   0x080068bc   0x0000008c   Code   RO         5037    i.vTaskSwitchContext  tasks.o
    0x08006948   0x08006948   0x00000030   Code   RO         4121    i.vofa_demo2        vofa.o
    0x08006978   0x08006978   0x00000168   Code   RO         5776    i.xPortStartScheduler  port.o
    0x08006ae0   0x08006ae0   0x00000034   Code   RO         5777    i.xPortSysTickHandler  port.o
    0x08006b14   0x08006b14   0x00000064   Code   RO         5040    i.xTaskCreate       tasks.o
    0x08006b78   0x08006b78   0x000000ba   Code   RO         5041    i.xTaskCreateStatic  tasks.o
    0x08006c32   0x08006c32   0x00000002   PAD
    0x08006c34   0x08006c34   0x00000020   Code   RO         5045    i.xTaskGetSchedulerState  tasks.o
    0x08006c54   0x08006c54   0x00000148   Code   RO         5048    i.xTaskIncrementTick  tasks.o
    0x08006d9c   0x08006d9c   0x00000104   Code   RO         5054    i.xTaskResumeAll    tasks.o
    0x08006ea0   0x08006ea0   0x00000018   Code   RO         5914    x$fpl$basic         fz_wm.l(basic.o)
    0x08006eb8   0x08006eb8   0x00000062   Code   RO         5861    x$fpl$d2f           fz_wm.l(d2f.o)
    0x08006f1a   0x08006f1a   0x00000002   PAD
    0x08006f1c   0x08006f1c   0x00000150   Code   RO         5863    x$fpl$dadd          fz_wm.l(daddsub_clz.o)
    0x0800706c   0x0800706c   0x000002b0   Code   RO         5917    x$fpl$ddiv          fz_wm.l(ddiv.o)
    0x0800731c   0x0800731c   0x00000154   Code   RO         5869    x$fpl$dmul          fz_wm.l(dmul.o)
    0x08007470   0x08007470   0x0000009c   Code   RO         5920    x$fpl$dnaninf       fz_wm.l(dnaninf.o)
    0x0800750c   0x0800750c   0x0000000c   Code   RO         5922    x$fpl$dretinf       fz_wm.l(dretinf.o)
    0x08007518   0x08007518   0x00000016   Code   RO         5864    x$fpl$drsb          fz_wm.l(daddsub_clz.o)
    0x0800752e   0x0800752e   0x00000002   PAD
    0x08007530   0x08007530   0x00000198   Code   RO         5998    x$fpl$dsqrt         fz_wm.l(dsqrt_umaal.o)
    0x080076c8   0x080076c8   0x000001d4   Code   RO         5865    x$fpl$dsub          fz_wm.l(daddsub_clz.o)
    0x0800789c   0x0800789c   0x00000056   Code   RO         5871    x$fpl$f2d           fz_wm.l(f2d.o)
    0x080078f2   0x080078f2   0x0000008c   Code   RO         5924    x$fpl$fnaninf       fz_wm.l(fnaninf.o)
    0x0800797e   0x0800797e   0x0000000a   Code   RO         6087    x$fpl$fpinit        fz_wm.l(fpinit.o)
    0x08007988   0x08007988   0x0000000a   Code   RO         5926    x$fpl$fretinf       fz_wm.l(fretinf.o)
    0x08007992   0x08007992   0x00000000   Code   RO         5928    x$fpl$usenofp       fz_wm.l(usenofp.o)
    0x08007992   0x08007992   0x00000002   PAD
    0x08007994   0x08007994   0x00000054   Data   RO          294    .constdata          freertos.o
    0x080079e8   0x080079e8   0x00000008   Data   RO         1441    .constdata          stm32f4xx_hal_dma.o
    0x080079f0   0x080079f0   0x00000018   Data   RO         3803    .constdata          system_stm32f4xx.o
    0x08007a08   0x08007a08   0x00000050   Data   RO         5876    .constdata          m_wm.l(asin.o)
    0x08007a58   0x08007a58   0x00000098   Data   RO         5932    .constdata          m_wm.l(atan.o)
    0x08007af0   0x08007af0   0x00000008   Data   RO         5961    .constdata          m_wm.l(qnan.o)
    0x08007af8   0x08007af8   0x00000023   Data   RO          295    .conststring        freertos.o
    0x08007b1b   0x08007b1b   0x00000001   PAD
    0x08007b1c   0x08007b1c   0x00000020   Data   RO         6143    Region$$Table       anon$$obj.o


    Execution Region RW_IRAM1 (Exec base: 0x20000000, Load base: 0x08007b3c, Size: 0x00004ca0, Max: 0x0001c000, ABSOLUTE)

    Exec Addr    Load Addr    Size         Type   Attr      Idx    E Section Name        Object

    0x20000000   0x08007b3c   0x0000000c   Data   RW          296    .data               freertos.o
    0x2000000c   0x08007b48   0x00000009   Data   RW         1891    .data               stm32f4xx_hal.o
    0x20000015   0x08007b51   0x00000003   PAD
    0x20000018   0x08007b54   0x00000004   Data   RW         3804    .data               system_stm32f4xx.o
    0x2000001c   0x08007b58   0x0000002c   Data   RW         3845    .data               bmi088driver.o
    0x20000048   0x08007b84   0x0000004a   Data   RW         4056    .data               imu.o
    0x20000092   0x08007bce   0x00000002   Data   RW         4123    .data               vofa.o
    0x20000094   0x08007bd0   0x00000001   Data   RW         4178    .data               gimbal.o
    0x20000095   0x08007bd1   0x00000003   PAD
    0x20000098   0x08007bd4   0x00000008   Data   RW         4309    .data               motor.o
    0x200000a0   0x08007bdc   0x00000018   Data   RW         4373    .data               can_receive.o
    0x200000b8   0x08007bf4   0x00000006   Data   RW         4433    .data               remote_control.o
    0x200000be   0x08007bfa   0x00000002   PAD
    0x200000c0   0x08007bfc   0x0000003c   Data   RW         5057    .data               tasks.o
    0x200000fc   0x08007c38   0x00000020   Data   RW         5710    .data               heap_4.o
    0x2000011c   0x08007c58   0x0000000c   Data   RW         5778    .data               port.o
    0x20000128        -       0x00000254   Zero   RW          293    .bss                freertos.o
    0x2000037c        -       0x00000028   Zero   RW          351    .bss                can.o
    0x200003a4        -       0x00000058   Zero   RW          417    .bss                spi.o
    0x200003fc        -       0x00000090   Zero   RW          461    .bss                tim.o
    0x2000048c        -       0x00000150   Zero   RW          514    .bss                usart.o
    0x200005dc        -       0x00000054   Zero   RW         4055    .bss                imu.o
    0x20000630        -       0x00000080   Zero   RW         4122    .bss                vofa.o
    0x200006b0        -       0x0000014d   Zero   RW         4177    .bss                gimbal.o
    0x200007fd   0x08007c64   0x00000003   PAD
    0x20000800        -       0x00000068   Zero   RW         4256    .bss                pid.o
    0x20000868        -       0x00000080   Zero   RW         4372    .bss                can_receive.o
    0x200008e8        -       0x00000068   Zero   RW         4432    .bss                remote_control.o
    0x20000950        -       0x000000f0   Zero   RW         5056    .bss                tasks.o
    0x20000a40        -       0x00003c00   Zero   RW         5709    .bss                heap_4.o
    0x20004640        -       0x00000060   Zero   RW         6001    .bss                c_w.l(libspace.o)
    0x200046a0        -       0x00000200   Zero   RW            2    HEAP                startup_stm32f407xx.o
    0x200048a0        -       0x00000400   Zero   RW            1    STACK               startup_stm32f407xx.o


    Execution Region RW_IRAM2 (Exec base: 0x2001c000, Load base: 0x08007c64, Size: 0x00000000, Max: 0x00004000, ABSOLUTE)

    **** No section assigned to this execution region ****


==============================================================================

Image component sizes


      Code (inc. data)   RO Data    RW Data    ZI Data      Debug   Object Name

      1030         20          0         44          0     592414   bmi088driver.o
       216         28          0          0          0       4896   bmi088middleware.o
        60          4          0          0          0        578   bsp_can.o
       156         14          0          0          0       1034   bsp_rc.o
       252         24          0          0         40       1689   can.o
       276         36          0         24        128       3935   can_receive.o
       142          0          0          0          0      23015   cmsis_os.o
       104          6          0          0          0        814   dma.o
         0          0          0          0          0      16888   event_groups.o
       130         28        119         12        596       2760   freertos.o
      1042         42          0          1        333       8499   gimbal.o
       328         16          0          0          0       1131   gpio.o
       724         74          0         32      15360       7419   heap_4.o
      1904        150          0         74         84       6636   imu.o
       148          0          0          0          0       3566   list.o
       346         32          0          0          0     743424   main.o
        26          0          0          8          0       1644   motor.o
       110         32          0          0        104       1776   pid.o
       894         78          0         12          0      11148   port.o
       724         48          0          6        104      27461   remote_control.o
       268         26          0          0         88       1745   spi.o
        64         26        392          0       1536        844   startup_stm32f407xx.o
       172         32          0          9          0       8761   stm32f4xx_hal.o
      2144          4          0          0          0      14391   stm32f4xx_hal_can.o
       312         22          0          0          0      34335   stm32f4xx_hal_cortex.o
      1246         16          8          0          0       5371   stm32f4xx_hal_dma.o
       512         46          0          0          0       2108   stm32f4xx_hal_gpio.o
        84          6          0          0          0        862   stm32f4xx_hal_msp.o
      1820         84          0          0          0       5640   stm32f4xx_hal_rcc.o
      1136         12          0          0          0       4653   stm32f4xx_hal_spi.o
      2056        112          0          0          0      14988   stm32f4xx_hal_tim.o
       184         30          0          0          0       2529   stm32f4xx_hal_tim_ex.o
      2294         14          0          0          0      11612   stm32f4xx_hal_uart.o
       154         42          0          0          0       6830   stm32f4xx_it.o
         0          0          0          0          0        392   stream_buffer.o
        20          6         24          4          0       1127   system_stm32f4xx.o
      2190        278          0         60        240      21050   tasks.o
       428         34          0          0        144       3031   tim.o
       540         60          0          0        336       2565   usart.o
       262         20          0          2        128       3003   vofa.o

    ----------------------------------------------------------------------
     24536       1502        576        296      19224    1606564   Object Totals
         0          0         32          0          0          0   (incl. Generated)
        38          0          1          8          3          0   (incl. Padding)

    ----------------------------------------------------------------------

      Code (inc. data)   RO Data    RW Data    ZI Data      Debug   Library Member Name

         8          0          0          0          0         68   __main.o
         0          0          0          0          0          0   __rtentry.o
        12          0          0          0          0          0   __rtentry2.o
         6          0          0          0          0          0   __rtentry4.o
        52          8          0          0          0          0   __scatter.o
        26          0          0          0          0          0   __scatter_copy.o
        28          0          0          0          0          0   __scatter_zi.o
        22          0          0          0          0        100   _rserrno.o
        18          0          0          0          0         80   exit.o
         6          0          0          0          0        152   heapauxi.o
         0          0          0          0          0          0   indicate_semi.o
         2          0          0          0          0          0   libinit.o
         6          0          0          0          0          0   libinit2.o
         2          0          0          0          0          0   libshutdown.o
         2          0          0          0          0          0   libshutdown2.o
         8          4          0          0         96         68   libspace.o
       238          0          0          0          0        100   lludivv7m.o
         8          4          0          0          0         68   rt_errno_addr_intlibspace.o
        78          0          0          0          0         80   rt_memclr_w.o
       100          0          0          0          0         80   rt_memcpy_w.o
         2          0          0          0          0          0   rtexit.o
        10          0          0          0          0          0   rtexit2.o
        12          4          0          0          0         68   sys_exit.o
        74          0          0          0          0         80   sys_stackheap_outer.o
         2          0          0          0          0         68   use_no_semi.o
        24          0          0          0          0        164   basic.o
        98          4          0          0          0        140   d2f.o
       826         16          0          0          0        492   daddsub_clz.o
       688        140          0          0          0        256   ddiv.o
       340         12          0          0          0        152   dmul.o
       156          4          0          0          0        140   dnaninf.o
        12          0          0          0          0        116   dretinf.o
       408         56          0          0          0        168   dsqrt_umaal.o
        86          4          0          0          0        132   f2d.o
       140          4          0          0          0        132   fnaninf.o
        10          0          0          0          0        116   fpinit.o
        10          0          0          0          0        116   fretinf.o
         0          0          0          0          0          0   usenofp.o
       864         94         80          0          0        280   asin.o
       744        106        152          0          0        352   atan.o
       496         64          0          0          0        192   atan2.o
       104         16          0          0          0        496   dunder.o
        44          0          0          0          0        248   fabs.o
        48          0          0          0          0        124   fpclassify.o
       248          0          0          0          0        152   poly.o
         0          0          8          0          0          0   qnan.o
       110          0          0          0          0        148   sqrt.o

    ----------------------------------------------------------------------
      6196        540        240          0         96       5128   Library Totals
        18          0          0          0          0          0   (incl. Padding)

    ----------------------------------------------------------------------

      Code (inc. data)   RO Data    RW Data    ZI Data      Debug   Library Name

       722         20          0          0         96       1012   c_w.l
      2798        240          0          0          0       2124   fz_wm.l
      2658        280        240          0          0       1992   m_wm.l

    ----------------------------------------------------------------------
      6196        540        240          0         96       5128   Library Totals

    ----------------------------------------------------------------------

==============================================================================


      Code (inc. data)   RO Data    RW Data    ZI Data      Debug   

     30732       2042        816        296      19320    1589676   Grand Totals
     30732       2042        816        296      19320    1589676   ELF Image Totals
     30732       2042        816        296          0          0   ROM Totals

==============================================================================

    Total RO  Size (Code + RO Data)                31548 (  30.81kB)
    Total RW  Size (RW Data + ZI Data)             19616 (  19.16kB)
    Total ROM Size (Code + RO Data + RW Data)      31844 (  31.10kB)

==============================================================================

